Archive member included to satisfy reference by file (symbol)

w:/7.0/toolchain/avr8/avr8-gnu-toolchain/bin/../lib/gcc/avr/5.4.0/../../../../avr/lib/avr5\libm.a(addsf3.o)
                              src/glcd.o (__addsf3)
w:/7.0/toolchain/avr8/avr8-gnu-toolchain/bin/../lib/gcc/avr/5.4.0/../../../../avr/lib/avr5\libm.a(addsf3x.o)
                              w:/7.0/toolchain/avr8/avr8-gnu-toolchain/bin/../lib/gcc/avr/5.4.0/../../../../avr/lib/avr5\libm.a(addsf3.o) (__addsf3x)
w:/7.0/toolchain/avr8/avr8-gnu-toolchain/bin/../lib/gcc/avr/5.4.0/../../../../avr/lib/avr5\libm.a(divsf3.o)
                              src/sensors.o (__divsf3)
w:/7.0/toolchain/avr8/avr8-gnu-toolchain/bin/../lib/gcc/avr/5.4.0/../../../../avr/lib/avr5\libm.a(divsf3x.o)
                              w:/7.0/toolchain/avr8/avr8-gnu-toolchain/bin/../lib/gcc/avr/5.4.0/../../../../avr/lib/avr5\libm.a(divsf3.o) (__divsf3x)
w:/7.0/toolchain/avr8/avr8-gnu-toolchain/bin/../lib/gcc/avr/5.4.0/../../../../avr/lib/avr5\libm.a(fixsfsi.o)
                              src/glcd.o (__fixsfsi)
w:/7.0/toolchain/avr8/avr8-gnu-toolchain/bin/../lib/gcc/avr/5.4.0/../../../../avr/lib/avr5\libm.a(fixunssfsi.o)
                              w:/7.0/toolchain/avr8/avr8-gnu-toolchain/bin/../lib/gcc/avr/5.4.0/../../../../avr/lib/avr5\libm.a(fixsfsi.o) (__fixunssfsi)
w:/7.0/toolchain/avr8/avr8-gnu-toolchain/bin/../lib/gcc/avr/5.4.0/../../../../avr/lib/avr5\libm.a(floatsisf.o)
                              src/main.o (__floatunsisf)
w:/7.0/toolchain/avr8/avr8-gnu-toolchain/bin/../lib/gcc/avr/5.4.0/../../../../avr/lib/avr5\libm.a(fp_inf.o)
                              w:/7.0/toolchain/avr8/avr8-gnu-toolchain/bin/../lib/gcc/avr/5.4.0/../../../../avr/lib/avr5\libm.a(addsf3x.o) (__fp_inf)
w:/7.0/toolchain/avr8/avr8-gnu-toolchain/bin/../lib/gcc/avr/5.4.0/../../../../avr/lib/avr5\libm.a(fp_nan.o)
                              w:/7.0/toolchain/avr8/avr8-gnu-toolchain/bin/../lib/gcc/avr/5.4.0/../../../../avr/lib/avr5\libm.a(addsf3x.o) (__fp_nan)
w:/7.0/toolchain/avr8/avr8-gnu-toolchain/bin/../lib/gcc/avr/5.4.0/../../../../avr/lib/avr5\libm.a(fp_pscA.o)
                              w:/7.0/toolchain/avr8/avr8-gnu-toolchain/bin/../lib/gcc/avr/5.4.0/../../../../avr/lib/avr5\libm.a(addsf3x.o) (__fp_pscA)
w:/7.0/toolchain/avr8/avr8-gnu-toolchain/bin/../lib/gcc/avr/5.4.0/../../../../avr/lib/avr5\libm.a(fp_pscB.o)
                              w:/7.0/toolchain/avr8/avr8-gnu-toolchain/bin/../lib/gcc/avr/5.4.0/../../../../avr/lib/avr5\libm.a(addsf3x.o) (__fp_pscB)
w:/7.0/toolchain/avr8/avr8-gnu-toolchain/bin/../lib/gcc/avr/5.4.0/../../../../avr/lib/avr5\libm.a(fp_round.o)
                              w:/7.0/toolchain/avr8/avr8-gnu-toolchain/bin/../lib/gcc/avr/5.4.0/../../../../avr/lib/avr5\libm.a(addsf3.o) (__fp_round)
w:/7.0/toolchain/avr8/avr8-gnu-toolchain/bin/../lib/gcc/avr/5.4.0/../../../../avr/lib/avr5\libm.a(fp_split3.o)
                              w:/7.0/toolchain/avr8/avr8-gnu-toolchain/bin/../lib/gcc/avr/5.4.0/../../../../avr/lib/avr5\libm.a(addsf3x.o) (__fp_split3)
w:/7.0/toolchain/avr8/avr8-gnu-toolchain/bin/../lib/gcc/avr/5.4.0/../../../../avr/lib/avr5\libm.a(fp_zero.o)
                              w:/7.0/toolchain/avr8/avr8-gnu-toolchain/bin/../lib/gcc/avr/5.4.0/../../../../avr/lib/avr5\libm.a(addsf3x.o) (__fp_zero)
w:/7.0/toolchain/avr8/avr8-gnu-toolchain/bin/../lib/gcc/avr/5.4.0/../../../../avr/lib/avr5\libm.a(mulsf3.o)
                              src/sensors.o (__mulsf3)
w:/7.0/toolchain/avr8/avr8-gnu-toolchain/bin/../lib/gcc/avr/5.4.0/../../../../avr/lib/avr5\libm.a(mulsf3x.o)
                              w:/7.0/toolchain/avr8/avr8-gnu-toolchain/bin/../lib/gcc/avr/5.4.0/../../../../avr/lib/avr5\libm.a(mulsf3.o) (__mulsf3x)
w:/7.0/toolchain/avr8/avr8-gnu-toolchain/bin/../lib/gcc/avr/5.4.0/avr5\libgcc.a(_divmodsi4.o)
                              src/usart.o (__divmodsi4)
w:/7.0/toolchain/avr8/avr8-gnu-toolchain/bin/../lib/gcc/avr/5.4.0/avr5\libgcc.a(_negsi2.o)
                              w:/7.0/toolchain/avr8/avr8-gnu-toolchain/bin/../lib/gcc/avr/5.4.0/avr5\libgcc.a(_divmodsi4.o) (__negsi2)
w:/7.0/toolchain/avr8/avr8-gnu-toolchain/bin/../lib/gcc/avr/5.4.0/avr5\libgcc.a(_exit.o)
                              W:/7.0/Packs/atmel/ATmega_DFP/1.2.132/gcc/dev/atmega32/avr5/crtatmega32.o (exit)
w:/7.0/toolchain/avr8/avr8-gnu-toolchain/bin/../lib/gcc/avr/5.4.0/avr5\libgcc.a(_tablejump2.o)
                              src/main.o (__tablejump2__)
w:/7.0/toolchain/avr8/avr8-gnu-toolchain/bin/../lib/gcc/avr/5.4.0/avr5\libgcc.a(_copy_data.o)
                              src/keypad.o (__do_copy_data)
w:/7.0/toolchain/avr8/avr8-gnu-toolchain/bin/../lib/gcc/avr/5.4.0/avr5\libgcc.a(_clear_bss.o)
                              src/ultrasonic.o (__do_clear_bss)
w:/7.0/toolchain/avr8/avr8-gnu-toolchain/bin/../lib/gcc/avr/5.4.0/avr5\libgcc.a(_umulhisi3.o)
                              src/keypad.o (__umulhisi3)
w:/7.0/toolchain/avr8/avr8-gnu-toolchain/bin/../lib/gcc/avr/5.4.0/avr5\libgcc.a(_udivmodsi4.o)
                              w:/7.0/toolchain/avr8/avr8-gnu-toolchain/bin/../lib/gcc/avr/5.4.0/avr5\libgcc.a(_divmodsi4.o) (__udivmodsi4)
w:/7.0/toolchain/avr8/avr8-gnu-toolchain/bin/../lib/gcc/avr/5.4.0/../../../../avr/lib/avr5\libc.a(sprintf.o)
                              src/main.o (sprintf)
w:/7.0/toolchain/avr8/avr8-gnu-toolchain/bin/../lib/gcc/avr/5.4.0/../../../../avr/lib/avr5\libc.a(vfprintf_std.o)
                              w:/7.0/toolchain/avr8/avr8-gnu-toolchain/bin/../lib/gcc/avr/5.4.0/../../../../avr/lib/avr5\libc.a(sprintf.o) (vfprintf)
w:/7.0/toolchain/avr8/avr8-gnu-toolchain/bin/../lib/gcc/avr/5.4.0/../../../../avr/lib/avr5\libc.a(strnlen_P.o)
                              w:/7.0/toolchain/avr8/avr8-gnu-toolchain/bin/../lib/gcc/avr/5.4.0/../../../../avr/lib/avr5\libc.a(vfprintf_std.o) (strnlen_P)
w:/7.0/toolchain/avr8/avr8-gnu-toolchain/bin/../lib/gcc/avr/5.4.0/../../../../avr/lib/avr5\libc.a(strnlen.o)
                              w:/7.0/toolchain/avr8/avr8-gnu-toolchain/bin/../lib/gcc/avr/5.4.0/../../../../avr/lib/avr5\libc.a(vfprintf_std.o) (strnlen)
w:/7.0/toolchain/avr8/avr8-gnu-toolchain/bin/../lib/gcc/avr/5.4.0/../../../../avr/lib/avr5\libc.a(fputc.o)
                              w:/7.0/toolchain/avr8/avr8-gnu-toolchain/bin/../lib/gcc/avr/5.4.0/../../../../avr/lib/avr5\libc.a(vfprintf_std.o) (fputc)
w:/7.0/toolchain/avr8/avr8-gnu-toolchain/bin/../lib/gcc/avr/5.4.0/../../../../avr/lib/avr5\libc.a(ultoa_invert.o)
                              w:/7.0/toolchain/avr8/avr8-gnu-toolchain/bin/../lib/gcc/avr/5.4.0/../../../../avr/lib/avr5\libc.a(vfprintf_std.o) (__ultoa_invert)
W:/7.0/Packs/atmel/ATmega_DFP/1.2.132/gcc/dev/atmega32/avr5\libatmega32.a(eerd_dword.o)
                              src/main.o (eeprom_read_dword)
W:/7.0/Packs/atmel/ATmega_DFP/1.2.132/gcc/dev/atmega32/avr5\libatmega32.a(eewr_dword.o)
                              src/main.o (eeprom_write_dword)
W:/7.0/Packs/atmel/ATmega_DFP/1.2.132/gcc/dev/atmega32/avr5\libatmega32.a(eewr_word.o)
                              W:/7.0/Packs/atmel/ATmega_DFP/1.2.132/gcc/dev/atmega32/avr5\libatmega32.a(eewr_dword.o) (eeprom_write_word)
W:/7.0/Packs/atmel/ATmega_DFP/1.2.132/gcc/dev/atmega32/avr5\libatmega32.a(eerd_block.o)
                              W:/7.0/Packs/atmel/ATmega_DFP/1.2.132/gcc/dev/atmega32/avr5\libatmega32.a(eerd_dword.o) (eeprom_read_blraw)
W:/7.0/Packs/atmel/ATmega_DFP/1.2.132/gcc/dev/atmega32/avr5\libatmega32.a(eewr_byte.o)
                              W:/7.0/Packs/atmel/ATmega_DFP/1.2.132/gcc/dev/atmega32/avr5\libatmega32.a(eewr_word.o) (eeprom_write_byte)
w:/7.0/toolchain/avr8/avr8-gnu-toolchain/bin/../lib/gcc/avr/5.4.0/avr5\libgcc.a(_prologue.o)
                              w:/7.0/toolchain/avr8/avr8-gnu-toolchain/bin/../lib/gcc/avr/5.4.0/../../../../avr/lib/avr5\libc.a(sprintf.o) (__prologue_saves__)
w:/7.0/toolchain/avr8/avr8-gnu-toolchain/bin/../lib/gcc/avr/5.4.0/avr5\libgcc.a(_epilogue.o)
                              w:/7.0/toolchain/avr8/avr8-gnu-toolchain/bin/../lib/gcc/avr/5.4.0/../../../../avr/lib/avr5\libc.a(sprintf.o) (__epilogue_restores__)

Allocating common symbols
Common symbol       size              file

previous_distance   0x2               src/ultrasonic.o
distance            0x2               src/ultrasonic.o
StudentCodes        0x190             src/main.o

Discarded input sections

 .data          0x00000000        0x0 W:/7.0/Packs/atmel/ATmega_DFP/1.2.132/gcc/dev/atmega32/avr5/crtatmega32.o
 .bss           0x00000000        0x0 W:/7.0/Packs/atmel/ATmega_DFP/1.2.132/gcc/dev/atmega32/avr5/crtatmega32.o
 .group         0x00000000        0x8 src/buzzer.o
 .group         0x00000000        0x8 src/buzzer.o
 .group         0x00000000        0x8 src/buzzer.o
 .group         0x00000000        0x8 src/buzzer.o
 .group         0x00000000        0x8 src/buzzer.o
 .group         0x00000000        0x8 src/buzzer.o
 .group         0x00000000        0x8 src/buzzer.o
 .group         0x00000000        0x8 src/buzzer.o
 .group         0x00000000        0x8 src/buzzer.o
 .group         0x00000000        0x8 src/buzzer.o
 .group         0x00000000        0x8 src/buzzer.o
 .group         0x00000000        0x8 src/buzzer.o
 .group         0x00000000        0x8 src/buzzer.o
 .group         0x00000000        0x8 src/buzzer.o
 .text          0x00000000        0x0 src/buzzer.o
 .data          0x00000000        0x0 src/buzzer.o
 .bss           0x00000000        0x0 src/buzzer.o
 .text.Buzzer_Success
                0x00000000       0x1c src/buzzer.o
 .group         0x00000000        0x8 src/eeprom.o
 .group         0x00000000        0x8 src/eeprom.o
 .group         0x00000000        0x8 src/eeprom.o
 .group         0x00000000        0x8 src/eeprom.o
 .group         0x00000000        0x8 src/eeprom.o
 .group         0x00000000        0x8 src/eeprom.o
 .group         0x00000000        0x8 src/eeprom.o
 .group         0x00000000        0x8 src/eeprom.o
 .group         0x00000000        0x8 src/eeprom.o
 .group         0x00000000        0x8 src/eeprom.o
 .group         0x00000000        0x8 src/eeprom.o
 .group         0x00000000        0x8 src/eeprom.o
 .text          0x00000000        0x0 src/eeprom.o
 .data          0x00000000        0x0 src/eeprom.o
 .bss           0x00000000        0x0 src/eeprom.o
 .text.EEPROM_Clear
                0x00000000       0x20 src/eeprom.o
 .text.EEPROM_FindNextAddress
                0x00000000       0x2c src/eeprom.o
 .debug_macro   0x00000000      0xa4e src/eeprom.o
 .debug_macro   0x00000000       0x10 src/eeprom.o
 .debug_macro   0x00000000      0x1c9 src/eeprom.o
 .debug_macro   0x00000000      0x2fc src/eeprom.o
 .debug_macro   0x00000000       0x9e src/eeprom.o
 .debug_macro   0x00000000      0xc24 src/eeprom.o
 .debug_macro   0x00000000      0x170 src/eeprom.o
 .debug_macro   0x00000000       0xbd src/eeprom.o
 .debug_macro   0x00000000       0x34 src/eeprom.o
 .debug_macro   0x00000000       0x18 src/eeprom.o
 .debug_macro   0x00000000       0x6c src/eeprom.o
 .group         0x00000000        0x8 src/glcd.o
 .group         0x00000000        0x8 src/glcd.o
 .group         0x00000000        0x8 src/glcd.o
 .group         0x00000000        0x8 src/glcd.o
 .group         0x00000000        0x8 src/glcd.o
 .group         0x00000000        0x8 src/glcd.o
 .group         0x00000000        0x8 src/glcd.o
 .group         0x00000000        0x8 src/glcd.o
 .group         0x00000000        0x8 src/glcd.o
 .group         0x00000000        0x8 src/glcd.o
 .group         0x00000000        0x8 src/glcd.o
 .group         0x00000000        0x8 src/glcd.o
 .group         0x00000000        0x8 src/glcd.o
 .group         0x00000000        0x8 src/glcd.o
 .group         0x00000000        0x8 src/glcd.o
 .group         0x00000000        0x8 src/glcd.o
 .group         0x00000000        0x8 src/glcd.o
 .group         0x00000000        0x8 src/glcd.o
 .group         0x00000000        0x8 src/glcd.o
 .group         0x00000000        0x8 src/glcd.o
 .group         0x00000000        0x8 src/glcd.o
 .group         0x00000000        0x8 src/glcd.o
 .text          0x00000000        0x0 src/glcd.o
 .data          0x00000000        0x0 src/glcd.o
 .bss           0x00000000        0x0 src/glcd.o
 .text.GLCD_Command
                0x00000000       0x1c src/glcd.o
 .text.GLCD_Data
                0x00000000       0x1c src/glcd.o
 .text.GLCD_Init
                0x00000000       0x38 src/glcd.o
 .text.GLCD_ClearAll
                0x00000000       0x3c src/glcd.o
 .text.GLCD_String
                0x00000000       0xc0 src/glcd.o
 .debug_info    0x00000000      0x461 src/glcd.o
 .debug_abbrev  0x00000000      0x1a5 src/glcd.o
 .debug_loc     0x00000000      0x47b src/glcd.o
 .debug_aranges
                0x00000000       0x40 src/glcd.o
 .debug_ranges  0x00000000       0x30 src/glcd.o
 .debug_macro   0x00000000       0xee src/glcd.o
 .debug_macro   0x00000000      0xa4e src/glcd.o
 .debug_macro   0x00000000       0x10 src/glcd.o
 .debug_macro   0x00000000       0x10 src/glcd.o
 .debug_macro   0x00000000      0x1c9 src/glcd.o
 .debug_macro   0x00000000      0x2fc src/glcd.o
 .debug_macro   0x00000000       0x9e src/glcd.o
 .debug_macro   0x00000000      0xc24 src/glcd.o
 .debug_macro   0x00000000      0x170 src/glcd.o
 .debug_macro   0x00000000       0xbd src/glcd.o
 .debug_macro   0x00000000       0x34 src/glcd.o
 .debug_macro   0x00000000       0x18 src/glcd.o
 .debug_macro   0x00000000       0x6c src/glcd.o
 .debug_macro   0x00000000       0x10 src/glcd.o
 .debug_macro   0x00000000      0x166 src/glcd.o
 .debug_macro   0x00000000       0x58 src/glcd.o
 .debug_macro   0x00000000       0x10 src/glcd.o
 .debug_macro   0x00000000       0x97 src/glcd.o
 .debug_macro   0x00000000       0xf2 src/glcd.o
 .debug_macro   0x00000000       0x10 src/glcd.o
 .debug_macro   0x00000000       0x12 src/glcd.o
 .debug_macro   0x00000000       0xe8 src/glcd.o
 .debug_macro   0x00000000       0x46 src/glcd.o
 .debug_line    0x00000000      0x3d7 src/glcd.o
 .debug_str     0x00000000     0x78a6 src/glcd.o
 .comment       0x00000000       0x31 src/glcd.o
 .debug_frame   0x00000000       0xb0 src/glcd.o
 .group         0x00000000        0x8 src/keypad.o
 .group         0x00000000        0x8 src/keypad.o
 .group         0x00000000        0x8 src/keypad.o
 .group         0x00000000        0x8 src/keypad.o
 .group         0x00000000        0x8 src/keypad.o
 .group         0x00000000        0x8 src/keypad.o
 .group         0x00000000        0x8 src/keypad.o
 .group         0x00000000        0x8 src/keypad.o
 .group         0x00000000        0x8 src/keypad.o
 .group         0x00000000        0x8 src/keypad.o
 .group         0x00000000        0x8 src/keypad.o
 .group         0x00000000        0x8 src/keypad.o
 .group         0x00000000        0x8 src/keypad.o
 .group         0x00000000        0x8 src/keypad.o
 .group         0x00000000        0x8 src/keypad.o
 .group         0x00000000        0x8 src/keypad.o
 .group         0x00000000        0x8 src/keypad.o
 .group         0x00000000        0x8 src/keypad.o
 .group         0x00000000        0x8 src/keypad.o
 .group         0x00000000        0x8 src/keypad.o
 .group         0x00000000        0x8 src/keypad.o
 .group         0x00000000        0x8 src/keypad.o
 .group         0x00000000        0x8 src/keypad.o
 .group         0x00000000        0x8 src/keypad.o
 .group         0x00000000        0x8 src/keypad.o
 .group         0x00000000        0x8 src/keypad.o
 .group         0x00000000        0x8 src/keypad.o
 .text          0x00000000        0x0 src/keypad.o
 .data          0x00000000        0x0 src/keypad.o
 .bss           0x00000000        0x0 src/keypad.o
 .text.num_to_string
                0x00000000       0xbc src/keypad.o
 .debug_macro   0x00000000      0xa4e src/keypad.o
 .debug_macro   0x00000000       0x10 src/keypad.o
 .debug_macro   0x00000000      0x1c9 src/keypad.o
 .debug_macro   0x00000000      0x2fc src/keypad.o
 .debug_macro   0x00000000       0x9e src/keypad.o
 .debug_macro   0x00000000      0xc24 src/keypad.o
 .debug_macro   0x00000000      0x170 src/keypad.o
 .debug_macro   0x00000000       0xbd src/keypad.o
 .debug_macro   0x00000000       0x34 src/keypad.o
 .debug_macro   0x00000000       0x18 src/keypad.o
 .debug_macro   0x00000000       0x6c src/keypad.o
 .debug_macro   0x00000000       0x10 src/keypad.o
 .debug_macro   0x00000000      0x166 src/keypad.o
 .debug_macro   0x00000000       0x58 src/keypad.o
 .debug_macro   0x00000000       0x10 src/keypad.o
 .debug_macro   0x00000000       0x97 src/keypad.o
 .debug_macro   0x00000000       0xf2 src/keypad.o
 .group         0x00000000        0x8 src/lcd.o
 .group         0x00000000        0x8 src/lcd.o
 .group         0x00000000        0x8 src/lcd.o
 .group         0x00000000        0x8 src/lcd.o
 .group         0x00000000        0x8 src/lcd.o
 .group         0x00000000        0x8 src/lcd.o
 .group         0x00000000        0x8 src/lcd.o
 .group         0x00000000        0x8 src/lcd.o
 .group         0x00000000        0x8 src/lcd.o
 .group         0x00000000        0x8 src/lcd.o
 .group         0x00000000        0x8 src/lcd.o
 .group         0x00000000        0x8 src/lcd.o
 .group         0x00000000        0x8 src/lcd.o
 .group         0x00000000        0x8 src/lcd.o
 .group         0x00000000        0x8 src/lcd.o
 .group         0x00000000        0x8 src/lcd.o
 .group         0x00000000        0x8 src/lcd.o
 .group         0x00000000        0x8 src/lcd.o
 .group         0x00000000        0x8 src/lcd.o
 .group         0x00000000        0x8 src/lcd.o
 .group         0x00000000        0x8 src/lcd.o
 .group         0x00000000        0x8 src/lcd.o
 .group         0x00000000        0x8 src/lcd.o
 .group         0x00000000        0x8 src/lcd.o
 .group         0x00000000        0x8 src/lcd.o
 .group         0x00000000        0x8 src/lcd.o
 .group         0x00000000        0x8 src/lcd.o
 .group         0x00000000        0x8 src/lcd.o
 .text          0x00000000        0x0 src/lcd.o
 .data          0x00000000        0x0 src/lcd.o
 .bss           0x00000000        0x0 src/lcd.o
 .text.LCD_Number
                0x00000000       0x38 src/lcd.o
 .debug_macro   0x00000000      0xa4e src/lcd.o
 .debug_macro   0x00000000       0x10 src/lcd.o
 .debug_macro   0x00000000      0x1c9 src/lcd.o
 .debug_macro   0x00000000      0x2fc src/lcd.o
 .debug_macro   0x00000000       0x9e src/lcd.o
 .debug_macro   0x00000000      0xc24 src/lcd.o
 .debug_macro   0x00000000      0x170 src/lcd.o
 .debug_macro   0x00000000       0xbd src/lcd.o
 .debug_macro   0x00000000       0x34 src/lcd.o
 .debug_macro   0x00000000       0x18 src/lcd.o
 .debug_macro   0x00000000       0x6c src/lcd.o
 .debug_macro   0x00000000       0x10 src/lcd.o
 .debug_macro   0x00000000      0x166 src/lcd.o
 .debug_macro   0x00000000       0x22 src/lcd.o
 .debug_macro   0x00000000       0x1c src/lcd.o
 .debug_macro   0x00000000       0x69 src/lcd.o
 .debug_macro   0x00000000       0x58 src/lcd.o
 .debug_macro   0x00000000       0x10 src/lcd.o
 .debug_macro   0x00000000       0x97 src/lcd.o
 .debug_macro   0x00000000       0xf2 src/lcd.o
 .debug_macro   0x00000000       0x16 src/lcd.o
 .debug_macro   0x00000000       0x20 src/lcd.o
 .debug_macro   0x00000000       0x10 src/lcd.o
 .debug_macro   0x00000000       0xf6 src/lcd.o
 .debug_macro   0x00000000       0x33 src/lcd.o
 .debug_macro   0x00000000       0x34 src/lcd.o
 .debug_macro   0x00000000       0x16 src/lcd.o
 .group         0x00000000        0x8 src/sensors.o
 .group         0x00000000        0x8 src/sensors.o
 .group         0x00000000        0x8 src/sensors.o
 .group         0x00000000        0x8 src/sensors.o
 .group         0x00000000        0x8 src/sensors.o
 .group         0x00000000        0x8 src/sensors.o
 .group         0x00000000        0x8 src/sensors.o
 .group         0x00000000        0x8 src/sensors.o
 .group         0x00000000        0x8 src/sensors.o
 .group         0x00000000        0x8 src/sensors.o
 .group         0x00000000        0x8 src/sensors.o
 .group         0x00000000        0x8 src/sensors.o
 .group         0x00000000        0x8 src/sensors.o
 .group         0x00000000        0x8 src/sensors.o
 .text          0x00000000        0x0 src/sensors.o
 .data          0x00000000        0x0 src/sensors.o
 .bss           0x00000000        0x0 src/sensors.o
 .text.toCelsius
                0x00000000       0x26 src/sensors.o
 .debug_macro   0x00000000      0xa4e src/sensors.o
 .debug_macro   0x00000000       0x10 src/sensors.o
 .debug_macro   0x00000000      0x1c9 src/sensors.o
 .debug_macro   0x00000000      0x2fc src/sensors.o
 .debug_macro   0x00000000       0x9e src/sensors.o
 .debug_macro   0x00000000      0xc24 src/sensors.o
 .debug_macro   0x00000000      0x170 src/sensors.o
 .debug_macro   0x00000000       0xbd src/sensors.o
 .debug_macro   0x00000000       0x34 src/sensors.o
 .debug_macro   0x00000000       0x18 src/sensors.o
 .debug_macro   0x00000000       0x6c src/sensors.o
 .debug_macro   0x00000000       0x10 src/sensors.o
 .debug_macro   0x00000000      0x166 src/sensors.o
 .group         0x00000000        0x8 src/ultrasonic.o
 .group         0x00000000        0x8 src/ultrasonic.o
 .group         0x00000000        0x8 src/ultrasonic.o
 .group         0x00000000        0x8 src/ultrasonic.o
 .group         0x00000000        0x8 src/ultrasonic.o
 .group         0x00000000        0x8 src/ultrasonic.o
 .group         0x00000000        0x8 src/ultrasonic.o
 .group         0x00000000        0x8 src/ultrasonic.o
 .group         0x00000000        0x8 src/ultrasonic.o
 .group         0x00000000        0x8 src/ultrasonic.o
 .group         0x00000000        0x8 src/ultrasonic.o
 .group         0x00000000        0x8 src/ultrasonic.o
 .group         0x00000000        0x8 src/ultrasonic.o
 .group         0x00000000        0x8 src/ultrasonic.o
 .group         0x00000000        0x8 src/ultrasonic.o
 .group         0x00000000        0x8 src/ultrasonic.o
 .group         0x00000000        0x8 src/ultrasonic.o
 .text          0x00000000        0x0 src/ultrasonic.o
 .data          0x00000000        0x0 src/ultrasonic.o
 .bss           0x00000000        0x0 src/ultrasonic.o
 .debug_macro   0x00000000      0xa4e src/ultrasonic.o
 .debug_macro   0x00000000       0x10 src/ultrasonic.o
 .debug_macro   0x00000000      0x1c9 src/ultrasonic.o
 .debug_macro   0x00000000      0x2fc src/ultrasonic.o
 .debug_macro   0x00000000       0x9e src/ultrasonic.o
 .debug_macro   0x00000000      0xc24 src/ultrasonic.o
 .debug_macro   0x00000000      0x170 src/ultrasonic.o
 .debug_macro   0x00000000       0xbd src/ultrasonic.o
 .debug_macro   0x00000000       0x34 src/ultrasonic.o
 .debug_macro   0x00000000       0x18 src/ultrasonic.o
 .debug_macro   0x00000000       0x6c src/ultrasonic.o
 .debug_macro   0x00000000       0x10 src/ultrasonic.o
 .debug_macro   0x00000000      0x166 src/ultrasonic.o
 COMMON         0x00000000        0x4 src/ultrasonic.o
 .group         0x00000000        0x8 src/usart.o
 .group         0x00000000        0x8 src/usart.o
 .group         0x00000000        0x8 src/usart.o
 .group         0x00000000        0x8 src/usart.o
 .group         0x00000000        0x8 src/usart.o
 .group         0x00000000        0x8 src/usart.o
 .group         0x00000000        0x8 src/usart.o
 .group         0x00000000        0x8 src/usart.o
 .group         0x00000000        0x8 src/usart.o
 .group         0x00000000        0x8 src/usart.o
 .group         0x00000000        0x8 src/usart.o
 .group         0x00000000        0x8 src/usart.o
 .group         0x00000000        0x8 src/usart.o
 .group         0x00000000        0x8 src/usart.o
 .group         0x00000000        0x8 src/usart.o
 .group         0x00000000        0x8 src/usart.o
 .group         0x00000000        0x8 src/usart.o
 .group         0x00000000        0x8 src/usart.o
 .group         0x00000000        0x8 src/usart.o
 .group         0x00000000        0x8 src/usart.o
 .group         0x00000000        0x8 src/usart.o
 .group         0x00000000        0x8 src/usart.o
 .group         0x00000000        0x8 src/usart.o
 .group         0x00000000        0x8 src/usart.o
 .group         0x00000000        0x8 src/usart.o
 .text          0x00000000        0x0 src/usart.o
 .data          0x00000000        0x0 src/usart.o
 .bss           0x00000000        0x0 src/usart.o
 .text.ConvertLongToString
                0x00000000       0xdc src/usart.o
 .rodata.str1.1
                0x00000000        0xf src/usart.o
 .text.USART_SendArray
                0x00000000       0xde src/usart.o
 .debug_macro   0x00000000      0xa4e src/usart.o
 .debug_macro   0x00000000       0x10 src/usart.o
 .debug_macro   0x00000000      0x1c9 src/usart.o
 .debug_macro   0x00000000      0x2fc src/usart.o
 .debug_macro   0x00000000       0x9e src/usart.o
 .debug_macro   0x00000000      0xc24 src/usart.o
 .debug_macro   0x00000000      0x170 src/usart.o
 .debug_macro   0x00000000       0xbd src/usart.o
 .debug_macro   0x00000000       0x34 src/usart.o
 .debug_macro   0x00000000       0x18 src/usart.o
 .debug_macro   0x00000000       0x6c src/usart.o
 .debug_macro   0x00000000       0x10 src/usart.o
 .debug_macro   0x00000000      0x166 src/usart.o
 .debug_macro   0x00000000       0x34 src/usart.o
 .debug_macro   0x00000000       0x1c src/usart.o
 .debug_macro   0x00000000       0x69 src/usart.o
 .debug_macro   0x00000000       0x58 src/usart.o
 .debug_macro   0x00000000       0x10 src/usart.o
 .debug_macro   0x00000000       0x97 src/usart.o
 .debug_macro   0x00000000       0xf2 src/usart.o
 .debug_macro   0x00000000       0x16 src/usart.o
 .debug_macro   0x00000000       0x20 src/usart.o
 .debug_macro   0x00000000       0x10 src/usart.o
 .debug_macro   0x00000000       0xf6 src/usart.o
 .debug_macro   0x00000000       0x33 src/usart.o
 .group         0x00000000        0x8 src/ASF/mega/boards/stk600/rcx_x/init.o
 .group         0x00000000        0x8 src/ASF/mega/boards/stk600/rcx_x/init.o
 .group         0x00000000        0x8 src/ASF/mega/boards/stk600/rcx_x/init.o
 .group         0x00000000        0x8 src/ASF/mega/boards/stk600/rcx_x/init.o
 .group         0x00000000        0x8 src/ASF/mega/boards/stk600/rcx_x/init.o
 .group         0x00000000        0x8 src/ASF/mega/boards/stk600/rcx_x/init.o
 .group         0x00000000        0x8 src/ASF/mega/boards/stk600/rcx_x/init.o
 .group         0x00000000        0x8 src/ASF/mega/boards/stk600/rcx_x/init.o
 .group         0x00000000        0x8 src/ASF/mega/boards/stk600/rcx_x/init.o
 .group         0x00000000        0x8 src/ASF/mega/boards/stk600/rcx_x/init.o
 .group         0x00000000        0x8 src/ASF/mega/boards/stk600/rcx_x/init.o
 .group         0x00000000        0x8 src/ASF/mega/boards/stk600/rcx_x/init.o
 .group         0x00000000        0x8 src/ASF/mega/boards/stk600/rcx_x/init.o
 .group         0x00000000        0x8 src/ASF/mega/boards/stk600/rcx_x/init.o
 .group         0x00000000        0x8 src/ASF/mega/boards/stk600/rcx_x/init.o
 .group         0x00000000        0x8 src/ASF/mega/boards/stk600/rcx_x/init.o
 .group         0x00000000        0x8 src/ASF/mega/boards/stk600/rcx_x/init.o
 .group         0x00000000        0x8 src/ASF/mega/boards/stk600/rcx_x/init.o
 .group         0x00000000        0x8 src/ASF/mega/boards/stk600/rcx_x/init.o
 .group         0x00000000        0x8 src/ASF/mega/boards/stk600/rcx_x/init.o
 .group         0x00000000        0x8 src/ASF/mega/boards/stk600/rcx_x/init.o
 .group         0x00000000        0x8 src/ASF/mega/boards/stk600/rcx_x/init.o
 .group         0x00000000        0x8 src/ASF/mega/boards/stk600/rcx_x/init.o
 .group         0x00000000        0x8 src/ASF/mega/boards/stk600/rcx_x/init.o
 .group         0x00000000        0x8 src/ASF/mega/boards/stk600/rcx_x/init.o
 .text          0x00000000        0x0 src/ASF/mega/boards/stk600/rcx_x/init.o
 .data          0x00000000        0x0 src/ASF/mega/boards/stk600/rcx_x/init.o
 .bss           0x00000000        0x0 src/ASF/mega/boards/stk600/rcx_x/init.o
 .text.board_init
                0x00000000        0x2 src/ASF/mega/boards/stk600/rcx_x/init.o
 .debug_info    0x00000000       0x7c src/ASF/mega/boards/stk600/rcx_x/init.o
 .debug_abbrev  0x00000000       0x47 src/ASF/mega/boards/stk600/rcx_x/init.o
 .debug_aranges
                0x00000000       0x20 src/ASF/mega/boards/stk600/rcx_x/init.o
 .debug_ranges  0x00000000       0x10 src/ASF/mega/boards/stk600/rcx_x/init.o
 .debug_macro   0x00000000      0x134 src/ASF/mega/boards/stk600/rcx_x/init.o
 .debug_macro   0x00000000      0xa4e src/ASF/mega/boards/stk600/rcx_x/init.o
 .debug_macro   0x00000000       0x10 src/ASF/mega/boards/stk600/rcx_x/init.o
 .debug_macro   0x00000000      0x1c9 src/ASF/mega/boards/stk600/rcx_x/init.o
 .debug_macro   0x00000000      0x2fc src/ASF/mega/boards/stk600/rcx_x/init.o
 .debug_macro   0x00000000       0x9e src/ASF/mega/boards/stk600/rcx_x/init.o
 .debug_macro   0x00000000      0xc24 src/ASF/mega/boards/stk600/rcx_x/init.o
 .debug_macro   0x00000000      0x170 src/ASF/mega/boards/stk600/rcx_x/init.o
 .debug_macro   0x00000000       0xbd src/ASF/mega/boards/stk600/rcx_x/init.o
 .debug_macro   0x00000000       0x34 src/ASF/mega/boards/stk600/rcx_x/init.o
 .debug_macro   0x00000000       0x18 src/ASF/mega/boards/stk600/rcx_x/init.o
 .debug_macro   0x00000000       0x6c src/ASF/mega/boards/stk600/rcx_x/init.o
 .debug_macro   0x00000000       0x22 src/ASF/mega/boards/stk600/rcx_x/init.o
 .debug_macro   0x00000000      0x16d src/ASF/mega/boards/stk600/rcx_x/init.o
 .debug_macro   0x00000000       0x1c src/ASF/mega/boards/stk600/rcx_x/init.o
 .debug_macro   0x00000000       0x35 src/ASF/mega/boards/stk600/rcx_x/init.o
 .debug_macro   0x00000000       0x66 src/ASF/mega/boards/stk600/rcx_x/init.o
 .debug_macro   0x00000000      0x64b src/ASF/mega/boards/stk600/rcx_x/init.o
 .debug_macro   0x00000000       0x44 src/ASF/mega/boards/stk600/rcx_x/init.o
 .debug_macro   0x00000000       0x69 src/ASF/mega/boards/stk600/rcx_x/init.o
 .debug_macro   0x00000000       0x2c src/ASF/mega/boards/stk600/rcx_x/init.o
 .debug_macro   0x00000000       0x10 src/ASF/mega/boards/stk600/rcx_x/init.o
 .debug_macro   0x00000000       0xe2 src/ASF/mega/boards/stk600/rcx_x/init.o
 .debug_macro   0x00000000       0x40 src/ASF/mega/boards/stk600/rcx_x/init.o
 .debug_macro   0x00000000      0x100 src/ASF/mega/boards/stk600/rcx_x/init.o
 .debug_macro   0x00000000      0x2c0 src/ASF/mega/boards/stk600/rcx_x/init.o
 .debug_line    0x00000000      0x2da src/ASF/mega/boards/stk600/rcx_x/init.o
 .debug_str     0x00000000     0xe699 src/ASF/mega/boards/stk600/rcx_x/init.o
 .comment       0x00000000       0x31 src/ASF/mega/boards/stk600/rcx_x/init.o
 .debug_frame   0x00000000       0x24 src/ASF/mega/boards/stk600/rcx_x/init.o
 .group         0x00000000        0x8 src/main.o
 .group         0x00000000        0x8 src/main.o
 .group         0x00000000        0x8 src/main.o
 .group         0x00000000        0x8 src/main.o
 .group         0x00000000        0x8 src/main.o
 .group         0x00000000        0x8 src/main.o
 .group         0x00000000        0x8 src/main.o
 .group         0x00000000        0x8 src/main.o
 .group         0x00000000        0x8 src/main.o
 .group         0x00000000        0x8 src/main.o
 .group         0x00000000        0x8 src/main.o
 .group         0x00000000        0x8 src/main.o
 .group         0x00000000        0x8 src/main.o
 .group         0x00000000        0x8 src/main.o
 .group         0x00000000        0x8 src/main.o
 .group         0x00000000        0x8 src/main.o
 .group         0x00000000        0x8 src/main.o
 .group         0x00000000        0x8 src/main.o
 .group         0x00000000        0x8 src/main.o
 .group         0x00000000        0x8 src/main.o
 .group         0x00000000        0x8 src/main.o
 .group         0x00000000        0x8 src/main.o
 .group         0x00000000        0x8 src/main.o
 .group         0x00000000        0x8 src/main.o
 .group         0x00000000        0x8 src/main.o
 .group         0x00000000        0x8 src/main.o
 .group         0x00000000        0x8 src/main.o
 .group         0x00000000        0x8 src/main.o
 .group         0x00000000        0x8 src/main.o
 .group         0x00000000        0x8 src/main.o
 .group         0x00000000        0x8 src/main.o
 .group         0x00000000        0x8 src/main.o
 .group         0x00000000        0x8 src/main.o
 .group         0x00000000        0x8 src/main.o
 .group         0x00000000        0x8 src/main.o
 .text          0x00000000        0x0 src/main.o
 .data          0x00000000        0x0 src/main.o
 .bss           0x00000000        0x0 src/main.o
 .text.loadStudentCodesFromEEPROM
                0x00000000       0x4c src/main.o
 .text.saveStudentNumberInEEPROM
                0x00000000       0x56 src/main.o
 .text.CheckStudentNumberValidation
                0x00000000       0x22 src/main.o
 .text.handleAttendanceInit
                0x00000000       0x56 src/main.o
 .data.attendInitSubeMenu
                0x00000000        0x1 src/main.o
 .bss.EEPROM_START_ADDRESS
                0x00000000        0x2 src/main.o
 .debug_macro   0x00000000      0xa4e src/main.o
 .debug_macro   0x00000000       0x1c src/main.o
 .debug_macro   0x00000000       0x10 src/main.o
 .debug_macro   0x00000000      0x1c9 src/main.o
 .debug_macro   0x00000000      0x2fc src/main.o
 .debug_macro   0x00000000       0x9e src/main.o
 .debug_macro   0x00000000      0xc24 src/main.o
 .debug_macro   0x00000000      0x170 src/main.o
 .debug_macro   0x00000000       0xbd src/main.o
 .debug_macro   0x00000000       0x34 src/main.o
 .debug_macro   0x00000000       0x18 src/main.o
 .debug_macro   0x00000000       0x6c src/main.o
 .debug_macro   0x00000000       0x69 src/main.o
 .debug_macro   0x00000000       0x10 src/main.o
 .debug_macro   0x00000000      0x166 src/main.o
 .debug_macro   0x00000000       0x58 src/main.o
 .debug_macro   0x00000000       0x10 src/main.o
 .debug_macro   0x00000000       0x97 src/main.o
 .debug_macro   0x00000000       0xf2 src/main.o
 .debug_macro   0x00000000       0x16 src/main.o
 .debug_macro   0x00000000       0x20 src/main.o
 .debug_macro   0x00000000       0x10 src/main.o
 .debug_macro   0x00000000       0xf6 src/main.o
 .debug_macro   0x00000000       0x33 src/main.o
 .debug_macro   0x00000000       0x22 src/main.o
 .debug_macro   0x00000000       0x34 src/main.o
 .debug_macro   0x00000000       0x16 src/main.o
 .debug_macro   0x00000000       0x34 src/main.o
 .debug_macro   0x00000000       0x10 src/main.o
 .debug_macro   0x00000000       0x22 src/main.o
 .debug_macro   0x00000000       0x1c src/main.o
 .debug_macro   0x00000000       0x35 src/main.o
 .debug_macro   0x00000000       0x2e src/main.o
 .debug_macro   0x00000000       0x10 src/main.o
 .text          0x00000000        0x0 w:/7.0/toolchain/avr8/avr8-gnu-toolchain/bin/../lib/gcc/avr/5.4.0/../../../../avr/lib/avr5\libm.a(addsf3.o)
 .data          0x00000000        0x0 w:/7.0/toolchain/avr8/avr8-gnu-toolchain/bin/../lib/gcc/avr/5.4.0/../../../../avr/lib/avr5\libm.a(addsf3.o)
 .bss           0x00000000        0x0 w:/7.0/toolchain/avr8/avr8-gnu-toolchain/bin/../lib/gcc/avr/5.4.0/../../../../avr/lib/avr5\libm.a(addsf3.o)
 .text          0x00000000        0x0 w:/7.0/toolchain/avr8/avr8-gnu-toolchain/bin/../lib/gcc/avr/5.4.0/../../../../avr/lib/avr5\libm.a(addsf3x.o)
 .data          0x00000000        0x0 w:/7.0/toolchain/avr8/avr8-gnu-toolchain/bin/../lib/gcc/avr/5.4.0/../../../../avr/lib/avr5\libm.a(addsf3x.o)
 .bss           0x00000000        0x0 w:/7.0/toolchain/avr8/avr8-gnu-toolchain/bin/../lib/gcc/avr/5.4.0/../../../../avr/lib/avr5\libm.a(addsf3x.o)
 .text          0x00000000        0x0 w:/7.0/toolchain/avr8/avr8-gnu-toolchain/bin/../lib/gcc/avr/5.4.0/../../../../avr/lib/avr5\libm.a(divsf3.o)
 .data          0x00000000        0x0 w:/7.0/toolchain/avr8/avr8-gnu-toolchain/bin/../lib/gcc/avr/5.4.0/../../../../avr/lib/avr5\libm.a(divsf3.o)
 .bss           0x00000000        0x0 w:/7.0/toolchain/avr8/avr8-gnu-toolchain/bin/../lib/gcc/avr/5.4.0/../../../../avr/lib/avr5\libm.a(divsf3.o)
 .text          0x00000000        0x0 w:/7.0/toolchain/avr8/avr8-gnu-toolchain/bin/../lib/gcc/avr/5.4.0/../../../../avr/lib/avr5\libm.a(divsf3x.o)
 .data          0x00000000        0x0 w:/7.0/toolchain/avr8/avr8-gnu-toolchain/bin/../lib/gcc/avr/5.4.0/../../../../avr/lib/avr5\libm.a(divsf3x.o)
 .bss           0x00000000        0x0 w:/7.0/toolchain/avr8/avr8-gnu-toolchain/bin/../lib/gcc/avr/5.4.0/../../../../avr/lib/avr5\libm.a(divsf3x.o)
 .text          0x00000000        0x0 w:/7.0/toolchain/avr8/avr8-gnu-toolchain/bin/../lib/gcc/avr/5.4.0/../../../../avr/lib/avr5\libm.a(fixsfsi.o)
 .data          0x00000000        0x0 w:/7.0/toolchain/avr8/avr8-gnu-toolchain/bin/../lib/gcc/avr/5.4.0/../../../../avr/lib/avr5\libm.a(fixsfsi.o)
 .bss           0x00000000        0x0 w:/7.0/toolchain/avr8/avr8-gnu-toolchain/bin/../lib/gcc/avr/5.4.0/../../../../avr/lib/avr5\libm.a(fixsfsi.o)
 .text          0x00000000        0x0 w:/7.0/toolchain/avr8/avr8-gnu-toolchain/bin/../lib/gcc/avr/5.4.0/../../../../avr/lib/avr5\libm.a(fixunssfsi.o)
 .data          0x00000000        0x0 w:/7.0/toolchain/avr8/avr8-gnu-toolchain/bin/../lib/gcc/avr/5.4.0/../../../../avr/lib/avr5\libm.a(fixunssfsi.o)
 .bss           0x00000000        0x0 w:/7.0/toolchain/avr8/avr8-gnu-toolchain/bin/../lib/gcc/avr/5.4.0/../../../../avr/lib/avr5\libm.a(fixunssfsi.o)
 .text          0x00000000        0x0 w:/7.0/toolchain/avr8/avr8-gnu-toolchain/bin/../lib/gcc/avr/5.4.0/../../../../avr/lib/avr5\libm.a(floatsisf.o)
 .data          0x00000000        0x0 w:/7.0/toolchain/avr8/avr8-gnu-toolchain/bin/../lib/gcc/avr/5.4.0/../../../../avr/lib/avr5\libm.a(floatsisf.o)
 .bss           0x00000000        0x0 w:/7.0/toolchain/avr8/avr8-gnu-toolchain/bin/../lib/gcc/avr/5.4.0/../../../../avr/lib/avr5\libm.a(floatsisf.o)
 .text          0x00000000        0x0 w:/7.0/toolchain/avr8/avr8-gnu-toolchain/bin/../lib/gcc/avr/5.4.0/../../../../avr/lib/avr5\libm.a(fp_inf.o)
 .data          0x00000000        0x0 w:/7.0/toolchain/avr8/avr8-gnu-toolchain/bin/../lib/gcc/avr/5.4.0/../../../../avr/lib/avr5\libm.a(fp_inf.o)
 .bss           0x00000000        0x0 w:/7.0/toolchain/avr8/avr8-gnu-toolchain/bin/../lib/gcc/avr/5.4.0/../../../../avr/lib/avr5\libm.a(fp_inf.o)
 .text          0x00000000        0x0 w:/7.0/toolchain/avr8/avr8-gnu-toolchain/bin/../lib/gcc/avr/5.4.0/../../../../avr/lib/avr5\libm.a(fp_nan.o)
 .data          0x00000000        0x0 w:/7.0/toolchain/avr8/avr8-gnu-toolchain/bin/../lib/gcc/avr/5.4.0/../../../../avr/lib/avr5\libm.a(fp_nan.o)
 .bss           0x00000000        0x0 w:/7.0/toolchain/avr8/avr8-gnu-toolchain/bin/../lib/gcc/avr/5.4.0/../../../../avr/lib/avr5\libm.a(fp_nan.o)
 .text          0x00000000        0x0 w:/7.0/toolchain/avr8/avr8-gnu-toolchain/bin/../lib/gcc/avr/5.4.0/../../../../avr/lib/avr5\libm.a(fp_pscA.o)
 .data          0x00000000        0x0 w:/7.0/toolchain/avr8/avr8-gnu-toolchain/bin/../lib/gcc/avr/5.4.0/../../../../avr/lib/avr5\libm.a(fp_pscA.o)
 .bss           0x00000000        0x0 w:/7.0/toolchain/avr8/avr8-gnu-toolchain/bin/../lib/gcc/avr/5.4.0/../../../../avr/lib/avr5\libm.a(fp_pscA.o)
 .text          0x00000000        0x0 w:/7.0/toolchain/avr8/avr8-gnu-toolchain/bin/../lib/gcc/avr/5.4.0/../../../../avr/lib/avr5\libm.a(fp_pscB.o)
 .data          0x00000000        0x0 w:/7.0/toolchain/avr8/avr8-gnu-toolchain/bin/../lib/gcc/avr/5.4.0/../../../../avr/lib/avr5\libm.a(fp_pscB.o)
 .bss           0x00000000        0x0 w:/7.0/toolchain/avr8/avr8-gnu-toolchain/bin/../lib/gcc/avr/5.4.0/../../../../avr/lib/avr5\libm.a(fp_pscB.o)
 .text          0x00000000        0x0 w:/7.0/toolchain/avr8/avr8-gnu-toolchain/bin/../lib/gcc/avr/5.4.0/../../../../avr/lib/avr5\libm.a(fp_round.o)
 .data          0x00000000        0x0 w:/7.0/toolchain/avr8/avr8-gnu-toolchain/bin/../lib/gcc/avr/5.4.0/../../../../avr/lib/avr5\libm.a(fp_round.o)
 .bss           0x00000000        0x0 w:/7.0/toolchain/avr8/avr8-gnu-toolchain/bin/../lib/gcc/avr/5.4.0/../../../../avr/lib/avr5\libm.a(fp_round.o)
 .text          0x00000000        0x0 w:/7.0/toolchain/avr8/avr8-gnu-toolchain/bin/../lib/gcc/avr/5.4.0/../../../../avr/lib/avr5\libm.a(fp_split3.o)
 .data          0x00000000        0x0 w:/7.0/toolchain/avr8/avr8-gnu-toolchain/bin/../lib/gcc/avr/5.4.0/../../../../avr/lib/avr5\libm.a(fp_split3.o)
 .bss           0x00000000        0x0 w:/7.0/toolchain/avr8/avr8-gnu-toolchain/bin/../lib/gcc/avr/5.4.0/../../../../avr/lib/avr5\libm.a(fp_split3.o)
 .text          0x00000000        0x0 w:/7.0/toolchain/avr8/avr8-gnu-toolchain/bin/../lib/gcc/avr/5.4.0/../../../../avr/lib/avr5\libm.a(fp_zero.o)
 .data          0x00000000        0x0 w:/7.0/toolchain/avr8/avr8-gnu-toolchain/bin/../lib/gcc/avr/5.4.0/../../../../avr/lib/avr5\libm.a(fp_zero.o)
 .bss           0x00000000        0x0 w:/7.0/toolchain/avr8/avr8-gnu-toolchain/bin/../lib/gcc/avr/5.4.0/../../../../avr/lib/avr5\libm.a(fp_zero.o)
 .text          0x00000000        0x0 w:/7.0/toolchain/avr8/avr8-gnu-toolchain/bin/../lib/gcc/avr/5.4.0/../../../../avr/lib/avr5\libm.a(mulsf3.o)
 .data          0x00000000        0x0 w:/7.0/toolchain/avr8/avr8-gnu-toolchain/bin/../lib/gcc/avr/5.4.0/../../../../avr/lib/avr5\libm.a(mulsf3.o)
 .bss           0x00000000        0x0 w:/7.0/toolchain/avr8/avr8-gnu-toolchain/bin/../lib/gcc/avr/5.4.0/../../../../avr/lib/avr5\libm.a(mulsf3.o)
 .text          0x00000000        0x0 w:/7.0/toolchain/avr8/avr8-gnu-toolchain/bin/../lib/gcc/avr/5.4.0/../../../../avr/lib/avr5\libm.a(mulsf3x.o)
 .data          0x00000000        0x0 w:/7.0/toolchain/avr8/avr8-gnu-toolchain/bin/../lib/gcc/avr/5.4.0/../../../../avr/lib/avr5\libm.a(mulsf3x.o)
 .bss           0x00000000        0x0 w:/7.0/toolchain/avr8/avr8-gnu-toolchain/bin/../lib/gcc/avr/5.4.0/../../../../avr/lib/avr5\libm.a(mulsf3x.o)
 .text          0x00000000        0x0 w:/7.0/toolchain/avr8/avr8-gnu-toolchain/bin/../lib/gcc/avr/5.4.0/avr5\libgcc.a(_divmodsi4.o)
 .data          0x00000000        0x0 w:/7.0/toolchain/avr8/avr8-gnu-toolchain/bin/../lib/gcc/avr/5.4.0/avr5\libgcc.a(_divmodsi4.o)
 .bss           0x00000000        0x0 w:/7.0/toolchain/avr8/avr8-gnu-toolchain/bin/../lib/gcc/avr/5.4.0/avr5\libgcc.a(_divmodsi4.o)
 .text.libgcc.mul
                0x00000000        0x0 w:/7.0/toolchain/avr8/avr8-gnu-toolchain/bin/../lib/gcc/avr/5.4.0/avr5\libgcc.a(_divmodsi4.o)
 .text.libgcc.div
                0x00000000       0x2e w:/7.0/toolchain/avr8/avr8-gnu-toolchain/bin/../lib/gcc/avr/5.4.0/avr5\libgcc.a(_divmodsi4.o)
 .text.libgcc   0x00000000        0x0 w:/7.0/toolchain/avr8/avr8-gnu-toolchain/bin/../lib/gcc/avr/5.4.0/avr5\libgcc.a(_divmodsi4.o)
 .text.libgcc.prologue
                0x00000000        0x0 w:/7.0/toolchain/avr8/avr8-gnu-toolchain/bin/../lib/gcc/avr/5.4.0/avr5\libgcc.a(_divmodsi4.o)
 .text.libgcc.builtins
                0x00000000        0x0 w:/7.0/toolchain/avr8/avr8-gnu-toolchain/bin/../lib/gcc/avr/5.4.0/avr5\libgcc.a(_divmodsi4.o)
 .text.libgcc.fmul
                0x00000000        0x0 w:/7.0/toolchain/avr8/avr8-gnu-toolchain/bin/../lib/gcc/avr/5.4.0/avr5\libgcc.a(_divmodsi4.o)
 .text.libgcc.fixed
                0x00000000        0x0 w:/7.0/toolchain/avr8/avr8-gnu-toolchain/bin/../lib/gcc/avr/5.4.0/avr5\libgcc.a(_divmodsi4.o)
 .text          0x00000000        0x0 w:/7.0/toolchain/avr8/avr8-gnu-toolchain/bin/../lib/gcc/avr/5.4.0/avr5\libgcc.a(_negsi2.o)
 .data          0x00000000        0x0 w:/7.0/toolchain/avr8/avr8-gnu-toolchain/bin/../lib/gcc/avr/5.4.0/avr5\libgcc.a(_negsi2.o)
 .bss           0x00000000        0x0 w:/7.0/toolchain/avr8/avr8-gnu-toolchain/bin/../lib/gcc/avr/5.4.0/avr5\libgcc.a(_negsi2.o)
 .text.libgcc.mul
                0x00000000        0x0 w:/7.0/toolchain/avr8/avr8-gnu-toolchain/bin/../lib/gcc/avr/5.4.0/avr5\libgcc.a(_negsi2.o)
 .text.libgcc.div
                0x00000000       0x10 w:/7.0/toolchain/avr8/avr8-gnu-toolchain/bin/../lib/gcc/avr/5.4.0/avr5\libgcc.a(_negsi2.o)
 .text.libgcc   0x00000000        0x0 w:/7.0/toolchain/avr8/avr8-gnu-toolchain/bin/../lib/gcc/avr/5.4.0/avr5\libgcc.a(_negsi2.o)
 .text.libgcc.prologue
                0x00000000        0x0 w:/7.0/toolchain/avr8/avr8-gnu-toolchain/bin/../lib/gcc/avr/5.4.0/avr5\libgcc.a(_negsi2.o)
 .text.libgcc.builtins
                0x00000000        0x0 w:/7.0/toolchain/avr8/avr8-gnu-toolchain/bin/../lib/gcc/avr/5.4.0/avr5\libgcc.a(_negsi2.o)
 .text.libgcc.fmul
                0x00000000        0x0 w:/7.0/toolchain/avr8/avr8-gnu-toolchain/bin/../lib/gcc/avr/5.4.0/avr5\libgcc.a(_negsi2.o)
 .text.libgcc.fixed
                0x00000000        0x0 w:/7.0/toolchain/avr8/avr8-gnu-toolchain/bin/../lib/gcc/avr/5.4.0/avr5\libgcc.a(_negsi2.o)
 .text          0x00000000        0x0 w:/7.0/toolchain/avr8/avr8-gnu-toolchain/bin/../lib/gcc/avr/5.4.0/avr5\libgcc.a(_exit.o)
 .data          0x00000000        0x0 w:/7.0/toolchain/avr8/avr8-gnu-toolchain/bin/../lib/gcc/avr/5.4.0/avr5\libgcc.a(_exit.o)
 .bss           0x00000000        0x0 w:/7.0/toolchain/avr8/avr8-gnu-toolchain/bin/../lib/gcc/avr/5.4.0/avr5\libgcc.a(_exit.o)
 .text.libgcc.mul
                0x00000000        0x0 w:/7.0/toolchain/avr8/avr8-gnu-toolchain/bin/../lib/gcc/avr/5.4.0/avr5\libgcc.a(_exit.o)
 .text.libgcc.div
                0x00000000        0x0 w:/7.0/toolchain/avr8/avr8-gnu-toolchain/bin/../lib/gcc/avr/5.4.0/avr5\libgcc.a(_exit.o)
 .text.libgcc   0x00000000        0x0 w:/7.0/toolchain/avr8/avr8-gnu-toolchain/bin/../lib/gcc/avr/5.4.0/avr5\libgcc.a(_exit.o)
 .text.libgcc.prologue
                0x00000000        0x0 w:/7.0/toolchain/avr8/avr8-gnu-toolchain/bin/../lib/gcc/avr/5.4.0/avr5\libgcc.a(_exit.o)
 .text.libgcc.builtins
                0x00000000        0x0 w:/7.0/toolchain/avr8/avr8-gnu-toolchain/bin/../lib/gcc/avr/5.4.0/avr5\libgcc.a(_exit.o)
 .text.libgcc.fmul
                0x00000000        0x0 w:/7.0/toolchain/avr8/avr8-gnu-toolchain/bin/../lib/gcc/avr/5.4.0/avr5\libgcc.a(_exit.o)
 .text.libgcc.fixed
                0x00000000        0x0 w:/7.0/toolchain/avr8/avr8-gnu-toolchain/bin/../lib/gcc/avr/5.4.0/avr5\libgcc.a(_exit.o)
 .text          0x00000000        0x0 w:/7.0/toolchain/avr8/avr8-gnu-toolchain/bin/../lib/gcc/avr/5.4.0/avr5\libgcc.a(_tablejump2.o)
 .data          0x00000000        0x0 w:/7.0/toolchain/avr8/avr8-gnu-toolchain/bin/../lib/gcc/avr/5.4.0/avr5\libgcc.a(_tablejump2.o)
 .bss           0x00000000        0x0 w:/7.0/toolchain/avr8/avr8-gnu-toolchain/bin/../lib/gcc/avr/5.4.0/avr5\libgcc.a(_tablejump2.o)
 .text.libgcc.mul
                0x00000000        0x0 w:/7.0/toolchain/avr8/avr8-gnu-toolchain/bin/../lib/gcc/avr/5.4.0/avr5\libgcc.a(_tablejump2.o)
 .text.libgcc.div
                0x00000000        0x0 w:/7.0/toolchain/avr8/avr8-gnu-toolchain/bin/../lib/gcc/avr/5.4.0/avr5\libgcc.a(_tablejump2.o)
 .text.libgcc.prologue
                0x00000000        0x0 w:/7.0/toolchain/avr8/avr8-gnu-toolchain/bin/../lib/gcc/avr/5.4.0/avr5\libgcc.a(_tablejump2.o)
 .text.libgcc.builtins
                0x00000000        0x0 w:/7.0/toolchain/avr8/avr8-gnu-toolchain/bin/../lib/gcc/avr/5.4.0/avr5\libgcc.a(_tablejump2.o)
 .text.libgcc.fmul
                0x00000000        0x0 w:/7.0/toolchain/avr8/avr8-gnu-toolchain/bin/../lib/gcc/avr/5.4.0/avr5\libgcc.a(_tablejump2.o)
 .text.libgcc.fixed
                0x00000000        0x0 w:/7.0/toolchain/avr8/avr8-gnu-toolchain/bin/../lib/gcc/avr/5.4.0/avr5\libgcc.a(_tablejump2.o)
 .text          0x00000000        0x0 w:/7.0/toolchain/avr8/avr8-gnu-toolchain/bin/../lib/gcc/avr/5.4.0/avr5\libgcc.a(_copy_data.o)
 .data          0x00000000        0x0 w:/7.0/toolchain/avr8/avr8-gnu-toolchain/bin/../lib/gcc/avr/5.4.0/avr5\libgcc.a(_copy_data.o)
 .bss           0x00000000        0x0 w:/7.0/toolchain/avr8/avr8-gnu-toolchain/bin/../lib/gcc/avr/5.4.0/avr5\libgcc.a(_copy_data.o)
 .text.libgcc.mul
                0x00000000        0x0 w:/7.0/toolchain/avr8/avr8-gnu-toolchain/bin/../lib/gcc/avr/5.4.0/avr5\libgcc.a(_copy_data.o)
 .text.libgcc.div
                0x00000000        0x0 w:/7.0/toolchain/avr8/avr8-gnu-toolchain/bin/../lib/gcc/avr/5.4.0/avr5\libgcc.a(_copy_data.o)
 .text.libgcc   0x00000000        0x0 w:/7.0/toolchain/avr8/avr8-gnu-toolchain/bin/../lib/gcc/avr/5.4.0/avr5\libgcc.a(_copy_data.o)
 .text.libgcc.prologue
                0x00000000        0x0 w:/7.0/toolchain/avr8/avr8-gnu-toolchain/bin/../lib/gcc/avr/5.4.0/avr5\libgcc.a(_copy_data.o)
 .text.libgcc.builtins
                0x00000000        0x0 w:/7.0/toolchain/avr8/avr8-gnu-toolchain/bin/../lib/gcc/avr/5.4.0/avr5\libgcc.a(_copy_data.o)
 .text.libgcc.fmul
                0x00000000        0x0 w:/7.0/toolchain/avr8/avr8-gnu-toolchain/bin/../lib/gcc/avr/5.4.0/avr5\libgcc.a(_copy_data.o)
 .text.libgcc.fixed
                0x00000000        0x0 w:/7.0/toolchain/avr8/avr8-gnu-toolchain/bin/../lib/gcc/avr/5.4.0/avr5\libgcc.a(_copy_data.o)
 .text          0x00000000        0x0 w:/7.0/toolchain/avr8/avr8-gnu-toolchain/bin/../lib/gcc/avr/5.4.0/avr5\libgcc.a(_clear_bss.o)
 .data          0x00000000        0x0 w:/7.0/toolchain/avr8/avr8-gnu-toolchain/bin/../lib/gcc/avr/5.4.0/avr5\libgcc.a(_clear_bss.o)
 .bss           0x00000000        0x0 w:/7.0/toolchain/avr8/avr8-gnu-toolchain/bin/../lib/gcc/avr/5.4.0/avr5\libgcc.a(_clear_bss.o)
 .text.libgcc.mul
                0x00000000        0x0 w:/7.0/toolchain/avr8/avr8-gnu-toolchain/bin/../lib/gcc/avr/5.4.0/avr5\libgcc.a(_clear_bss.o)
 .text.libgcc.div
                0x00000000        0x0 w:/7.0/toolchain/avr8/avr8-gnu-toolchain/bin/../lib/gcc/avr/5.4.0/avr5\libgcc.a(_clear_bss.o)
 .text.libgcc   0x00000000        0x0 w:/7.0/toolchain/avr8/avr8-gnu-toolchain/bin/../lib/gcc/avr/5.4.0/avr5\libgcc.a(_clear_bss.o)
 .text.libgcc.prologue
                0x00000000        0x0 w:/7.0/toolchain/avr8/avr8-gnu-toolchain/bin/../lib/gcc/avr/5.4.0/avr5\libgcc.a(_clear_bss.o)
 .text.libgcc.builtins
                0x00000000        0x0 w:/7.0/toolchain/avr8/avr8-gnu-toolchain/bin/../lib/gcc/avr/5.4.0/avr5\libgcc.a(_clear_bss.o)
 .text.libgcc.fmul
                0x00000000        0x0 w:/7.0/toolchain/avr8/avr8-gnu-toolchain/bin/../lib/gcc/avr/5.4.0/avr5\libgcc.a(_clear_bss.o)
 .text.libgcc.fixed
                0x00000000        0x0 w:/7.0/toolchain/avr8/avr8-gnu-toolchain/bin/../lib/gcc/avr/5.4.0/avr5\libgcc.a(_clear_bss.o)
 .text          0x00000000        0x0 w:/7.0/toolchain/avr8/avr8-gnu-toolchain/bin/../lib/gcc/avr/5.4.0/avr5\libgcc.a(_umulhisi3.o)
 .data          0x00000000        0x0 w:/7.0/toolchain/avr8/avr8-gnu-toolchain/bin/../lib/gcc/avr/5.4.0/avr5\libgcc.a(_umulhisi3.o)
 .bss           0x00000000        0x0 w:/7.0/toolchain/avr8/avr8-gnu-toolchain/bin/../lib/gcc/avr/5.4.0/avr5\libgcc.a(_umulhisi3.o)
 .text.libgcc.mul
                0x00000000       0x1e w:/7.0/toolchain/avr8/avr8-gnu-toolchain/bin/../lib/gcc/avr/5.4.0/avr5\libgcc.a(_umulhisi3.o)
 .text.libgcc.div
                0x00000000        0x0 w:/7.0/toolchain/avr8/avr8-gnu-toolchain/bin/../lib/gcc/avr/5.4.0/avr5\libgcc.a(_umulhisi3.o)
 .text.libgcc   0x00000000        0x0 w:/7.0/toolchain/avr8/avr8-gnu-toolchain/bin/../lib/gcc/avr/5.4.0/avr5\libgcc.a(_umulhisi3.o)
 .text.libgcc.prologue
                0x00000000        0x0 w:/7.0/toolchain/avr8/avr8-gnu-toolchain/bin/../lib/gcc/avr/5.4.0/avr5\libgcc.a(_umulhisi3.o)
 .text.libgcc.builtins
                0x00000000        0x0 w:/7.0/toolchain/avr8/avr8-gnu-toolchain/bin/../lib/gcc/avr/5.4.0/avr5\libgcc.a(_umulhisi3.o)
 .text.libgcc.fmul
                0x00000000        0x0 w:/7.0/toolchain/avr8/avr8-gnu-toolchain/bin/../lib/gcc/avr/5.4.0/avr5\libgcc.a(_umulhisi3.o)
 .text.libgcc.fixed
                0x00000000        0x0 w:/7.0/toolchain/avr8/avr8-gnu-toolchain/bin/../lib/gcc/avr/5.4.0/avr5\libgcc.a(_umulhisi3.o)
 .text          0x00000000        0x0 w:/7.0/toolchain/avr8/avr8-gnu-toolchain/bin/../lib/gcc/avr/5.4.0/avr5\libgcc.a(_udivmodsi4.o)
 .data          0x00000000        0x0 w:/7.0/toolchain/avr8/avr8-gnu-toolchain/bin/../lib/gcc/avr/5.4.0/avr5\libgcc.a(_udivmodsi4.o)
 .bss           0x00000000        0x0 w:/7.0/toolchain/avr8/avr8-gnu-toolchain/bin/../lib/gcc/avr/5.4.0/avr5\libgcc.a(_udivmodsi4.o)
 .text.libgcc.mul
                0x00000000        0x0 w:/7.0/toolchain/avr8/avr8-gnu-toolchain/bin/../lib/gcc/avr/5.4.0/avr5\libgcc.a(_udivmodsi4.o)
 .text.libgcc.div
                0x00000000       0x44 w:/7.0/toolchain/avr8/avr8-gnu-toolchain/bin/../lib/gcc/avr/5.4.0/avr5\libgcc.a(_udivmodsi4.o)
 .text.libgcc   0x00000000        0x0 w:/7.0/toolchain/avr8/avr8-gnu-toolchain/bin/../lib/gcc/avr/5.4.0/avr5\libgcc.a(_udivmodsi4.o)
 .text.libgcc.prologue
                0x00000000        0x0 w:/7.0/toolchain/avr8/avr8-gnu-toolchain/bin/../lib/gcc/avr/5.4.0/avr5\libgcc.a(_udivmodsi4.o)
 .text.libgcc.builtins
                0x00000000        0x0 w:/7.0/toolchain/avr8/avr8-gnu-toolchain/bin/../lib/gcc/avr/5.4.0/avr5\libgcc.a(_udivmodsi4.o)
 .text.libgcc.fmul
                0x00000000        0x0 w:/7.0/toolchain/avr8/avr8-gnu-toolchain/bin/../lib/gcc/avr/5.4.0/avr5\libgcc.a(_udivmodsi4.o)
 .text.libgcc.fixed
                0x00000000        0x0 w:/7.0/toolchain/avr8/avr8-gnu-toolchain/bin/../lib/gcc/avr/5.4.0/avr5\libgcc.a(_udivmodsi4.o)
 .text          0x00000000        0x0 w:/7.0/toolchain/avr8/avr8-gnu-toolchain/bin/../lib/gcc/avr/5.4.0/../../../../avr/lib/avr5\libc.a(sprintf.o)
 .data          0x00000000        0x0 w:/7.0/toolchain/avr8/avr8-gnu-toolchain/bin/../lib/gcc/avr/5.4.0/../../../../avr/lib/avr5\libc.a(sprintf.o)
 .bss           0x00000000        0x0 w:/7.0/toolchain/avr8/avr8-gnu-toolchain/bin/../lib/gcc/avr/5.4.0/../../../../avr/lib/avr5\libc.a(sprintf.o)
 .text          0x00000000        0x0 w:/7.0/toolchain/avr8/avr8-gnu-toolchain/bin/../lib/gcc/avr/5.4.0/../../../../avr/lib/avr5\libc.a(vfprintf_std.o)
 .data          0x00000000        0x0 w:/7.0/toolchain/avr8/avr8-gnu-toolchain/bin/../lib/gcc/avr/5.4.0/../../../../avr/lib/avr5\libc.a(vfprintf_std.o)
 .bss           0x00000000        0x0 w:/7.0/toolchain/avr8/avr8-gnu-toolchain/bin/../lib/gcc/avr/5.4.0/../../../../avr/lib/avr5\libc.a(vfprintf_std.o)
 .text          0x00000000        0x0 w:/7.0/toolchain/avr8/avr8-gnu-toolchain/bin/../lib/gcc/avr/5.4.0/../../../../avr/lib/avr5\libc.a(strnlen_P.o)
 .data          0x00000000        0x0 w:/7.0/toolchain/avr8/avr8-gnu-toolchain/bin/../lib/gcc/avr/5.4.0/../../../../avr/lib/avr5\libc.a(strnlen_P.o)
 .bss           0x00000000        0x0 w:/7.0/toolchain/avr8/avr8-gnu-toolchain/bin/../lib/gcc/avr/5.4.0/../../../../avr/lib/avr5\libc.a(strnlen_P.o)
 .text          0x00000000        0x0 w:/7.0/toolchain/avr8/avr8-gnu-toolchain/bin/../lib/gcc/avr/5.4.0/../../../../avr/lib/avr5\libc.a(strnlen.o)
 .data          0x00000000        0x0 w:/7.0/toolchain/avr8/avr8-gnu-toolchain/bin/../lib/gcc/avr/5.4.0/../../../../avr/lib/avr5\libc.a(strnlen.o)
 .bss           0x00000000        0x0 w:/7.0/toolchain/avr8/avr8-gnu-toolchain/bin/../lib/gcc/avr/5.4.0/../../../../avr/lib/avr5\libc.a(strnlen.o)
 .text          0x00000000        0x0 w:/7.0/toolchain/avr8/avr8-gnu-toolchain/bin/../lib/gcc/avr/5.4.0/../../../../avr/lib/avr5\libc.a(fputc.o)
 .data          0x00000000        0x0 w:/7.0/toolchain/avr8/avr8-gnu-toolchain/bin/../lib/gcc/avr/5.4.0/../../../../avr/lib/avr5\libc.a(fputc.o)
 .bss           0x00000000        0x0 w:/7.0/toolchain/avr8/avr8-gnu-toolchain/bin/../lib/gcc/avr/5.4.0/../../../../avr/lib/avr5\libc.a(fputc.o)
 .text          0x00000000        0x0 w:/7.0/toolchain/avr8/avr8-gnu-toolchain/bin/../lib/gcc/avr/5.4.0/../../../../avr/lib/avr5\libc.a(ultoa_invert.o)
 .data          0x00000000        0x0 w:/7.0/toolchain/avr8/avr8-gnu-toolchain/bin/../lib/gcc/avr/5.4.0/../../../../avr/lib/avr5\libc.a(ultoa_invert.o)
 .bss           0x00000000        0x0 w:/7.0/toolchain/avr8/avr8-gnu-toolchain/bin/../lib/gcc/avr/5.4.0/../../../../avr/lib/avr5\libc.a(ultoa_invert.o)
 .text          0x00000000        0x0 W:/7.0/Packs/atmel/ATmega_DFP/1.2.132/gcc/dev/atmega32/avr5\libatmega32.a(eerd_dword.o)
 .data          0x00000000        0x0 W:/7.0/Packs/atmel/ATmega_DFP/1.2.132/gcc/dev/atmega32/avr5\libatmega32.a(eerd_dword.o)
 .bss           0x00000000        0x0 W:/7.0/Packs/atmel/ATmega_DFP/1.2.132/gcc/dev/atmega32/avr5\libatmega32.a(eerd_dword.o)
 .text.avr-libc
                0x00000000        0xc W:/7.0/Packs/atmel/ATmega_DFP/1.2.132/gcc/dev/atmega32/avr5\libatmega32.a(eerd_dword.o)
 .debug_line    0x00000000       0x68 W:/7.0/Packs/atmel/ATmega_DFP/1.2.132/gcc/dev/atmega32/avr5\libatmega32.a(eerd_dword.o)
 .debug_info    0x00000000       0xab W:/7.0/Packs/atmel/ATmega_DFP/1.2.132/gcc/dev/atmega32/avr5\libatmega32.a(eerd_dword.o)
 .debug_abbrev  0x00000000       0x14 W:/7.0/Packs/atmel/ATmega_DFP/1.2.132/gcc/dev/atmega32/avr5\libatmega32.a(eerd_dword.o)
 .debug_aranges
                0x00000000       0x20 W:/7.0/Packs/atmel/ATmega_DFP/1.2.132/gcc/dev/atmega32/avr5\libatmega32.a(eerd_dword.o)
 .text          0x00000000        0x0 W:/7.0/Packs/atmel/ATmega_DFP/1.2.132/gcc/dev/atmega32/avr5\libatmega32.a(eewr_dword.o)
 .data          0x00000000        0x0 W:/7.0/Packs/atmel/ATmega_DFP/1.2.132/gcc/dev/atmega32/avr5\libatmega32.a(eewr_dword.o)
 .bss           0x00000000        0x0 W:/7.0/Packs/atmel/ATmega_DFP/1.2.132/gcc/dev/atmega32/avr5\libatmega32.a(eewr_dword.o)
 .text.avr-libc
                0x00000000       0x10 W:/7.0/Packs/atmel/ATmega_DFP/1.2.132/gcc/dev/atmega32/avr5\libatmega32.a(eewr_dword.o)
 .debug_line    0x00000000       0x68 W:/7.0/Packs/atmel/ATmega_DFP/1.2.132/gcc/dev/atmega32/avr5\libatmega32.a(eewr_dword.o)
 .debug_info    0x00000000       0xab W:/7.0/Packs/atmel/ATmega_DFP/1.2.132/gcc/dev/atmega32/avr5\libatmega32.a(eewr_dword.o)
 .debug_abbrev  0x00000000       0x14 W:/7.0/Packs/atmel/ATmega_DFP/1.2.132/gcc/dev/atmega32/avr5\libatmega32.a(eewr_dword.o)
 .debug_aranges
                0x00000000       0x20 W:/7.0/Packs/atmel/ATmega_DFP/1.2.132/gcc/dev/atmega32/avr5\libatmega32.a(eewr_dword.o)
 .text          0x00000000        0x0 W:/7.0/Packs/atmel/ATmega_DFP/1.2.132/gcc/dev/atmega32/avr5\libatmega32.a(eewr_word.o)
 .data          0x00000000        0x0 W:/7.0/Packs/atmel/ATmega_DFP/1.2.132/gcc/dev/atmega32/avr5\libatmega32.a(eewr_word.o)
 .bss           0x00000000        0x0 W:/7.0/Packs/atmel/ATmega_DFP/1.2.132/gcc/dev/atmega32/avr5\libatmega32.a(eewr_word.o)
 .text.avr-libc
                0x00000000        0xa W:/7.0/Packs/atmel/ATmega_DFP/1.2.132/gcc/dev/atmega32/avr5\libatmega32.a(eewr_word.o)
 .debug_line    0x00000000       0x5b W:/7.0/Packs/atmel/ATmega_DFP/1.2.132/gcc/dev/atmega32/avr5\libatmega32.a(eewr_word.o)
 .debug_info    0x00000000       0xaa W:/7.0/Packs/atmel/ATmega_DFP/1.2.132/gcc/dev/atmega32/avr5\libatmega32.a(eewr_word.o)
 .debug_abbrev  0x00000000       0x14 W:/7.0/Packs/atmel/ATmega_DFP/1.2.132/gcc/dev/atmega32/avr5\libatmega32.a(eewr_word.o)
 .debug_aranges
                0x00000000       0x20 W:/7.0/Packs/atmel/ATmega_DFP/1.2.132/gcc/dev/atmega32/avr5\libatmega32.a(eewr_word.o)
 .text          0x00000000        0x0 W:/7.0/Packs/atmel/ATmega_DFP/1.2.132/gcc/dev/atmega32/avr5\libatmega32.a(eerd_block.o)
 .data          0x00000000        0x0 W:/7.0/Packs/atmel/ATmega_DFP/1.2.132/gcc/dev/atmega32/avr5\libatmega32.a(eerd_block.o)
 .bss           0x00000000        0x0 W:/7.0/Packs/atmel/ATmega_DFP/1.2.132/gcc/dev/atmega32/avr5\libatmega32.a(eerd_block.o)
 .text.avr-libc
                0x00000000       0x20 W:/7.0/Packs/atmel/ATmega_DFP/1.2.132/gcc/dev/atmega32/avr5\libatmega32.a(eerd_block.o)
 .debug_line    0x00000000       0xab W:/7.0/Packs/atmel/ATmega_DFP/1.2.132/gcc/dev/atmega32/avr5\libatmega32.a(eerd_block.o)
 .debug_info    0x00000000       0xab W:/7.0/Packs/atmel/ATmega_DFP/1.2.132/gcc/dev/atmega32/avr5\libatmega32.a(eerd_block.o)
 .debug_abbrev  0x00000000       0x14 W:/7.0/Packs/atmel/ATmega_DFP/1.2.132/gcc/dev/atmega32/avr5\libatmega32.a(eerd_block.o)
 .debug_aranges
                0x00000000       0x20 W:/7.0/Packs/atmel/ATmega_DFP/1.2.132/gcc/dev/atmega32/avr5\libatmega32.a(eerd_block.o)
 .text          0x00000000        0x0 W:/7.0/Packs/atmel/ATmega_DFP/1.2.132/gcc/dev/atmega32/avr5\libatmega32.a(eewr_byte.o)
 .data          0x00000000        0x0 W:/7.0/Packs/atmel/ATmega_DFP/1.2.132/gcc/dev/atmega32/avr5\libatmega32.a(eewr_byte.o)
 .bss           0x00000000        0x0 W:/7.0/Packs/atmel/ATmega_DFP/1.2.132/gcc/dev/atmega32/avr5\libatmega32.a(eewr_byte.o)
 .text.avr-libc
                0x00000000       0x1a W:/7.0/Packs/atmel/ATmega_DFP/1.2.132/gcc/dev/atmega32/avr5\libatmega32.a(eewr_byte.o)
 .debug_line    0x00000000       0x98 W:/7.0/Packs/atmel/ATmega_DFP/1.2.132/gcc/dev/atmega32/avr5\libatmega32.a(eewr_byte.o)
 .debug_info    0x00000000       0xaa W:/7.0/Packs/atmel/ATmega_DFP/1.2.132/gcc/dev/atmega32/avr5\libatmega32.a(eewr_byte.o)
 .debug_abbrev  0x00000000       0x14 W:/7.0/Packs/atmel/ATmega_DFP/1.2.132/gcc/dev/atmega32/avr5\libatmega32.a(eewr_byte.o)
 .debug_aranges
                0x00000000       0x20 W:/7.0/Packs/atmel/ATmega_DFP/1.2.132/gcc/dev/atmega32/avr5\libatmega32.a(eewr_byte.o)
 .text          0x00000000        0x0 w:/7.0/toolchain/avr8/avr8-gnu-toolchain/bin/../lib/gcc/avr/5.4.0/avr5\libgcc.a(_prologue.o)
 .data          0x00000000        0x0 w:/7.0/toolchain/avr8/avr8-gnu-toolchain/bin/../lib/gcc/avr/5.4.0/avr5\libgcc.a(_prologue.o)
 .bss           0x00000000        0x0 w:/7.0/toolchain/avr8/avr8-gnu-toolchain/bin/../lib/gcc/avr/5.4.0/avr5\libgcc.a(_prologue.o)
 .text.libgcc.mul
                0x00000000        0x0 w:/7.0/toolchain/avr8/avr8-gnu-toolchain/bin/../lib/gcc/avr/5.4.0/avr5\libgcc.a(_prologue.o)
 .text.libgcc.div
                0x00000000        0x0 w:/7.0/toolchain/avr8/avr8-gnu-toolchain/bin/../lib/gcc/avr/5.4.0/avr5\libgcc.a(_prologue.o)
 .text.libgcc   0x00000000        0x0 w:/7.0/toolchain/avr8/avr8-gnu-toolchain/bin/../lib/gcc/avr/5.4.0/avr5\libgcc.a(_prologue.o)
 .text.libgcc.builtins
                0x00000000        0x0 w:/7.0/toolchain/avr8/avr8-gnu-toolchain/bin/../lib/gcc/avr/5.4.0/avr5\libgcc.a(_prologue.o)
 .text.libgcc.fmul
                0x00000000        0x0 w:/7.0/toolchain/avr8/avr8-gnu-toolchain/bin/../lib/gcc/avr/5.4.0/avr5\libgcc.a(_prologue.o)
 .text.libgcc.fixed
                0x00000000        0x0 w:/7.0/toolchain/avr8/avr8-gnu-toolchain/bin/../lib/gcc/avr/5.4.0/avr5\libgcc.a(_prologue.o)
 .text          0x00000000        0x0 w:/7.0/toolchain/avr8/avr8-gnu-toolchain/bin/../lib/gcc/avr/5.4.0/avr5\libgcc.a(_epilogue.o)
 .data          0x00000000        0x0 w:/7.0/toolchain/avr8/avr8-gnu-toolchain/bin/../lib/gcc/avr/5.4.0/avr5\libgcc.a(_epilogue.o)
 .bss           0x00000000        0x0 w:/7.0/toolchain/avr8/avr8-gnu-toolchain/bin/../lib/gcc/avr/5.4.0/avr5\libgcc.a(_epilogue.o)
 .text.libgcc.mul
                0x00000000        0x0 w:/7.0/toolchain/avr8/avr8-gnu-toolchain/bin/../lib/gcc/avr/5.4.0/avr5\libgcc.a(_epilogue.o)
 .text.libgcc.div
                0x00000000        0x0 w:/7.0/toolchain/avr8/avr8-gnu-toolchain/bin/../lib/gcc/avr/5.4.0/avr5\libgcc.a(_epilogue.o)
 .text.libgcc   0x00000000        0x0 w:/7.0/toolchain/avr8/avr8-gnu-toolchain/bin/../lib/gcc/avr/5.4.0/avr5\libgcc.a(_epilogue.o)
 .text.libgcc.builtins
                0x00000000        0x0 w:/7.0/toolchain/avr8/avr8-gnu-toolchain/bin/../lib/gcc/avr/5.4.0/avr5\libgcc.a(_epilogue.o)
 .text.libgcc.fmul
                0x00000000        0x0 w:/7.0/toolchain/avr8/avr8-gnu-toolchain/bin/../lib/gcc/avr/5.4.0/avr5\libgcc.a(_epilogue.o)
 .text.libgcc.fixed
                0x00000000        0x0 w:/7.0/toolchain/avr8/avr8-gnu-toolchain/bin/../lib/gcc/avr/5.4.0/avr5\libgcc.a(_epilogue.o)

Memory Configuration

Name             Origin             Length             Attributes
text             0x00000000         0x00020000         xr
data             0x00800060         0x0000ffa0         rw !x
eeprom           0x00810000         0x00010000         rw !x
fuse             0x00820000         0x00000002         rw !x
lock             0x00830000         0x00000400         rw !x
signature        0x00840000         0x00000400         rw !x
user_signatures  0x00850000         0x00000400         rw !x
*default*        0x00000000         0xffffffff

Linker script and memory map

LOAD W:/7.0/Packs/atmel/ATmega_DFP/1.2.132/gcc/dev/atmega32/avr5/crtatmega32.o
LOAD src/buzzer.o
LOAD src/eeprom.o
LOAD src/glcd.o
LOAD src/keypad.o
LOAD src/lcd.o
LOAD src/sensors.o
LOAD src/ultrasonic.o
LOAD src/usart.o
LOAD src/ASF/mega/boards/stk600/rcx_x/init.o
LOAD src/main.o
START GROUP
LOAD w:/7.0/toolchain/avr8/avr8-gnu-toolchain/bin/../lib/gcc/avr/5.4.0/../../../../avr/lib/avr5\libm.a
END GROUP
START GROUP
LOAD w:/7.0/toolchain/avr8/avr8-gnu-toolchain/bin/../lib/gcc/avr/5.4.0/avr5\libgcc.a
LOAD w:/7.0/toolchain/avr8/avr8-gnu-toolchain/bin/../lib/gcc/avr/5.4.0/../../../../avr/lib/avr5\libm.a
LOAD w:/7.0/toolchain/avr8/avr8-gnu-toolchain/bin/../lib/gcc/avr/5.4.0/../../../../avr/lib/avr5\libc.a
LOAD W:/7.0/Packs/atmel/ATmega_DFP/1.2.132/gcc/dev/atmega32/avr5\libatmega32.a
END GROUP
                0x00020000                __TEXT_REGION_LENGTH__ = DEFINED (__TEXT_REGION_LENGTH__)?__TEXT_REGION_LENGTH__:0x20000
                0x0000ffa0                __DATA_REGION_LENGTH__ = DEFINED (__DATA_REGION_LENGTH__)?__DATA_REGION_LENGTH__:0xffa0
                0x00010000                __EEPROM_REGION_LENGTH__ = DEFINED (__EEPROM_REGION_LENGTH__)?__EEPROM_REGION_LENGTH__:0x10000
                [0x00000002]                __FUSE_REGION_LENGTH__ = DEFINED (__FUSE_REGION_LENGTH__)?__FUSE_REGION_LENGTH__:0x400
                0x00000400                __LOCK_REGION_LENGTH__ = DEFINED (__LOCK_REGION_LENGTH__)?__LOCK_REGION_LENGTH__:0x400
                0x00000400                __SIGNATURE_REGION_LENGTH__ = DEFINED (__SIGNATURE_REGION_LENGTH__)?__SIGNATURE_REGION_LENGTH__:0x400
                0x00000400                __USER_SIGNATURE_REGION_LENGTH__ = DEFINED (__USER_SIGNATURE_REGION_LENGTH__)?__USER_SIGNATURE_REGION_LENGTH__:0x400

.hash
 *(.hash)

.dynsym
 *(.dynsym)

.dynstr
 *(.dynstr)

.gnu.version
 *(.gnu.version)

.gnu.version_d
 *(.gnu.version_d)

.gnu.version_r
 *(.gnu.version_r)

.rel.init
 *(.rel.init)

.rela.init
 *(.rela.init)

.rel.text
 *(.rel.text)
 *(.rel.text.*)
 *(.rel.gnu.linkonce.t*)

.rela.text
 *(.rela.text)
 *(.rela.text.*)
 *(.rela.gnu.linkonce.t*)

.rel.fini
 *(.rel.fini)

.rela.fini
 *(.rela.fini)

.rel.rodata
 *(.rel.rodata)
 *(.rel.rodata.*)
 *(.rel.gnu.linkonce.r*)

.rela.rodata
 *(.rela.rodata)
 *(.rela.rodata.*)
 *(.rela.gnu.linkonce.r*)

.rel.data
 *(.rel.data)
 *(.rel.data.*)
 *(.rel.gnu.linkonce.d*)

.rela.data
 *(.rela.data)
 *(.rela.data.*)
 *(.rela.gnu.linkonce.d*)

.rel.ctors
 *(.rel.ctors)

.rela.ctors
 *(.rela.ctors)

.rel.dtors
 *(.rel.dtors)

.rela.dtors
 *(.rela.dtors)

.rel.got
 *(.rel.got)

.rela.got
 *(.rela.got)

.rel.bss
 *(.rel.bss)

.rela.bss
 *(.rela.bss)

.rel.plt
 *(.rel.plt)

.rela.plt
 *(.rela.plt)

.text           0x00000000     0x170a
 *(.vectors)
 .vectors       0x00000000       0x54 W:/7.0/Packs/atmel/ATmega_DFP/1.2.132/gcc/dev/atmega32/avr5/crtatmega32.o
                0x00000000                __vector_default
                0x00000000                __vectors
 *(.vectors)
 *(.progmem.gcc*)
 .progmem.gcc_sw_table.main
                0x00000054        0xe src/main.o
                0x00000062                . = ALIGN (0x2)
                0x00000062                __trampolines_start = .
 *(.trampolines)
 .trampolines   0x00000062        0x0 linker stubs
 *(.trampolines*)
                0x00000062                __trampolines_end = .
 *libprintf_flt.a:*(.progmem.data)
 *libc.a:*(.progmem.data)
 *(.progmem*)
                0x00000062                . = ALIGN (0x2)
 *(.jumptables)
 *(.jumptables*)
 *(.lowtext)
 *(.lowtext*)
                0x00000062                __ctors_start = .
 *(.ctors)
                0x00000062                __ctors_end = .
                0x00000062                __dtors_start = .
 *(.dtors)
                0x00000062                __dtors_end = .
 SORT(*)(.ctors)
 SORT(*)(.dtors)
 *(.init0)
 .init0         0x00000062        0x0 W:/7.0/Packs/atmel/ATmega_DFP/1.2.132/gcc/dev/atmega32/avr5/crtatmega32.o
                0x00000062                __init
 *(.init0)
 *(.init1)
 *(.init1)
 *(.init2)
 .init2         0x00000062        0xc W:/7.0/Packs/atmel/ATmega_DFP/1.2.132/gcc/dev/atmega32/avr5/crtatmega32.o
 *(.init2)
 *(.init3)
 *(.init3)
 *(.init4)
 .init4         0x0000006e       0x16 w:/7.0/toolchain/avr8/avr8-gnu-toolchain/bin/../lib/gcc/avr/5.4.0/avr5\libgcc.a(_copy_data.o)
                0x0000006e                __do_copy_data
 .init4         0x00000084       0x10 w:/7.0/toolchain/avr8/avr8-gnu-toolchain/bin/../lib/gcc/avr/5.4.0/avr5\libgcc.a(_clear_bss.o)
                0x00000084                __do_clear_bss
 *(.init4)
 *(.init5)
 *(.init5)
 *(.init6)
 *(.init6)
 *(.init7)
 *(.init7)
 *(.init8)
 *(.init8)
 *(.init9)
 .init9         0x00000094        0x6 W:/7.0/Packs/atmel/ATmega_DFP/1.2.132/gcc/dev/atmega32/avr5/crtatmega32.o
 *(.init9)
 *(.text)
 .text          0x0000009a        0x2 W:/7.0/Packs/atmel/ATmega_DFP/1.2.132/gcc/dev/atmega32/avr5/crtatmega32.o
                0x0000009a                __vector_1
                0x0000009a                __vector_12
                0x0000009a                __bad_interrupt
                0x0000009a                __vector_6
                0x0000009a                __vector_3
                0x0000009a                __vector_11
                0x0000009a                __vector_13
                0x0000009a                __vector_17
                0x0000009a                __vector_19
                0x0000009a                __vector_7
                0x0000009a                __vector_5
                0x0000009a                __vector_4
                0x0000009a                __vector_9
                0x0000009a                __vector_2
                0x0000009a                __vector_15
                0x0000009a                __vector_8
                0x0000009a                __vector_14
                0x0000009a                __vector_10
                0x0000009a                __vector_16
                0x0000009a                __vector_18
                0x0000009a                __vector_20
                0x0000009c                . = ALIGN (0x2)
 *(.text.*)
 .text.Buzzer_Init
                0x0000009c        0x6 src/buzzer.o
                0x0000009c                Buzzer_Init
 .text.Buzzer_On
                0x000000a2        0x4 src/buzzer.o
                0x000000a2                Buzzer_On
 .text.Buzzer_Off
                0x000000a6        0x4 src/buzzer.o
                0x000000a6                Buzzer_Off
 .text.Buzzer_Beep
                0x000000aa       0x1e src/buzzer.o
                0x000000aa                Buzzer_Beep
 .text.Buzzer_CriticalWarning
                0x000000c8       0x2c src/buzzer.o
                0x000000c8                Buzzer_CriticalWarning
 .text.EEPROM_Write
                0x000000f4       0x10 src/eeprom.o
                0x000000f4                EEPROM_Write
 .text.EEPROM_Read
                0x00000104        0xe src/eeprom.o
                0x00000104                EEPROM_Read
 .text.EEPROM_WriteString
                0x00000112       0x42 src/eeprom.o
                0x00000112                EEPROM_WriteString
 .text.EEPROM_ReadString
                0x00000154       0x68 src/eeprom.o
                0x00000154                EEPROM_ReadString
 .text.keypad_init
                0x000001bc        0xa src/keypad.o
                0x000001bc                keypad_init
 .text.scan_keypad
                0x000001c6       0xda src/keypad.o
                0x000001c6                scan_keypad
 .text.LCD_Command
                0x000002a0       0x20 src/lcd.o
                0x000002a0                LCD_Command
 .text.LCD_Char
                0x000002c0       0x20 src/lcd.o
                0x000002c0                LCD_Char
 .text.LCD_Init
                0x000002e0       0x28 src/lcd.o
                0x000002e0                LCD_Init
 .text.LCD_String
                0x00000308       0x1c src/lcd.o
                0x00000308                LCD_String
 .text.LCD_String_xy
                0x00000324       0x32 src/lcd.o
                0x00000324                LCD_String_xy
 .text.LCD_Clear
                0x00000356        0xa src/lcd.o
                0x00000356                LCD_Clear
 .text.ADC_Init
                0x00000360        0xc src/sensors.o
                0x00000360                ADC_Init
 .text.ADC_Read
                0x0000036c       0x20 src/sensors.o
                0x0000036c                ADC_Read
 .text.HCSR04Init
                0x0000038c        0x4 src/ultrasonic.o
                0x0000038c                HCSR04Init
 .text.HCSR04Trigger
                0x00000390        0xc src/ultrasonic.o
                0x00000390                HCSR04Trigger
 .text.GetPulseWidth
                0x0000039c       0xb8 src/ultrasonic.o
                0x0000039c                GetPulseWidth
 .text.USART_init
                0x00000454        0xe src/usart.o
                0x00000454                USART_init
 .text.USART_Transmit
                0x00000462        0x8 src/usart.o
                0x00000462                USART_Transmit
 .text.UART_SendString
                0x0000046a       0x2a src/usart.o
                0x0000046a                UART_SendString
 .text.displayGuideMenu
                0x00000494       0x18 src/main.o
                0x00000494                displayGuideMenu
 .text.displayFirstMainMenu
                0x000004ac       0x18 src/main.o
                0x000004ac                displayFirstMainMenu
 .text.displaySecondMainMenu
                0x000004c4       0x18 src/main.o
                0x000004c4                displaySecondMainMenu
 .text.displayThirdMainMenu
                0x000004dc       0x18 src/main.o
                0x000004dc                displayThirdMainMenu
 .text.displayAttendInitMenu
                0x000004f4       0x18 src/main.o
                0x000004f4                displayAttendInitMenu
 .text.displayStudentManagementMenu
                0x0000050c        0xe src/main.o
                0x0000050c                displayStudentManagementMenu
 .text.handleViewPresentStudents
                0x0000051a      0x114 src/main.o
                0x0000051a                handleViewPresentStudents
 .text.handleTemperatureMonitor
                0x0000062e       0xe0 src/main.o
                0x0000062e                handleTemperatureMonitor
 .text.handleRetrieveStudentData
                0x0000070e       0xa8 src/main.o
                0x0000070e                handleRetrieveStudentData
 .text.handleTrafficMonitor
                0x000007b6       0xf8 src/main.o
                0x000007b6                handleTrafficMonitor
 .text.areEqual
                0x000008ae       0x44 src/main.o
                0x000008ae                areEqual
 .text.handleSubmitCode
                0x000008f2      0x228 src/main.o
                0x000008f2                handleSubmitCode
 .text.handleStudentManagement
                0x00000b1a      0x10e src/main.o
                0x00000b1a                handleStudentManagement
 .text.main     0x00000c28      0x144 src/main.o
                0x00000c28                main
 .text.avr-libc.fplib
                0x00000d6c        0xa w:/7.0/toolchain/avr8/avr8-gnu-toolchain/bin/../lib/gcc/avr/5.4.0/../../../../avr/lib/avr5\libm.a(addsf3.o)
                0x00000d6c                __subsf3
                0x00000d6e                __addsf3
 .text.avr-libc.fplib
                0x00000d76       0xc0 w:/7.0/toolchain/avr8/avr8-gnu-toolchain/bin/../lib/gcc/avr/5.4.0/../../../../avr/lib/avr5\libm.a(addsf3x.o)
                0x00000d90                __addsf3x
 .text.avr-libc.fplib
                0x00000e36        0x4 w:/7.0/toolchain/avr8/avr8-gnu-toolchain/bin/../lib/gcc/avr/5.4.0/../../../../avr/lib/avr5\libm.a(divsf3.o)
                0x00000e36                __divsf3
 .text.avr-libc.fplib
                0x00000e3a       0xcc w:/7.0/toolchain/avr8/avr8-gnu-toolchain/bin/../lib/gcc/avr/5.4.0/../../../../avr/lib/avr5\libm.a(divsf3x.o)
                0x00000e50                __divsf3x
                0x00000e54                __divsf3_pse
 .text.avr-libc.fplib
                0x00000f06        0xa w:/7.0/toolchain/avr8/avr8-gnu-toolchain/bin/../lib/gcc/avr/5.4.0/../../../../avr/lib/avr5\libm.a(fixsfsi.o)
                0x00000f06                __fixsfsi
 .text.avr-libc.fplib
                0x00000f10       0x58 w:/7.0/toolchain/avr8/avr8-gnu-toolchain/bin/../lib/gcc/avr/5.4.0/../../../../avr/lib/avr5\libm.a(fixunssfsi.o)
                0x00000f10                __fixunssfsi
 .text.avr-libc.fplib
                0x00000f68       0x7a w:/7.0/toolchain/avr8/avr8-gnu-toolchain/bin/../lib/gcc/avr/5.4.0/../../../../avr/lib/avr5\libm.a(floatsisf.o)
                0x00000f68                __floatunsisf
                0x00000f6c                __floatsisf
 .text.avr-libc.fplib
                0x00000fe2        0xc w:/7.0/toolchain/avr8/avr8-gnu-toolchain/bin/../lib/gcc/avr/5.4.0/../../../../avr/lib/avr5\libm.a(fp_inf.o)
                0x00000fe2                __fp_inf
 .text.avr-libc.fplib
                0x00000fee        0x6 w:/7.0/toolchain/avr8/avr8-gnu-toolchain/bin/../lib/gcc/avr/5.4.0/../../../../avr/lib/avr5\libm.a(fp_nan.o)
                0x00000fee                __fp_nan
 .text.avr-libc.fplib
                0x00000ff4        0xe w:/7.0/toolchain/avr8/avr8-gnu-toolchain/bin/../lib/gcc/avr/5.4.0/../../../../avr/lib/avr5\libm.a(fp_pscA.o)
                0x00000ff4                __fp_pscA
 .text.avr-libc.fplib
                0x00001002        0xe w:/7.0/toolchain/avr8/avr8-gnu-toolchain/bin/../lib/gcc/avr/5.4.0/../../../../avr/lib/avr5\libm.a(fp_pscB.o)
                0x00001002                __fp_pscB
 .text.avr-libc.fplib
                0x00001010       0x22 w:/7.0/toolchain/avr8/avr8-gnu-toolchain/bin/../lib/gcc/avr/5.4.0/../../../../avr/lib/avr5\libm.a(fp_round.o)
                0x00001010                __fp_round
 .text.avr-libc.fplib
                0x00001032       0x44 w:/7.0/toolchain/avr8/avr8-gnu-toolchain/bin/../lib/gcc/avr/5.4.0/../../../../avr/lib/avr5\libm.a(fp_split3.o)
                0x00001032                __fp_split3
                0x00001042                __fp_splitA
 .text.avr-libc.fplib
                0x00001076        0xe w:/7.0/toolchain/avr8/avr8-gnu-toolchain/bin/../lib/gcc/avr/5.4.0/../../../../avr/lib/avr5\libm.a(fp_zero.o)
                0x00001076                __fp_zero
                0x00001078                __fp_szero
 .text.avr-libc.fplib
                0x00001084        0x4 w:/7.0/toolchain/avr8/avr8-gnu-toolchain/bin/../lib/gcc/avr/5.4.0/../../../../avr/lib/avr5\libm.a(mulsf3.o)
                0x00001084                __mulsf3
 .text.avr-libc.fplib
                0x00001088       0xc2 w:/7.0/toolchain/avr8/avr8-gnu-toolchain/bin/../lib/gcc/avr/5.4.0/../../../../avr/lib/avr5\libm.a(mulsf3x.o)
                0x0000109c                __mulsf3x
                0x000010a0                __mulsf3_pse
 .text.libgcc   0x0000114a        0xc w:/7.0/toolchain/avr8/avr8-gnu-toolchain/bin/../lib/gcc/avr/5.4.0/avr5\libgcc.a(_tablejump2.o)
                0x0000114a                __tablejump2__
 .text.avr-libc
                0x00001156       0x3e w:/7.0/toolchain/avr8/avr8-gnu-toolchain/bin/../lib/gcc/avr/5.4.0/../../../../avr/lib/avr5\libc.a(sprintf.o)
                0x00001156                sprintf
 .text.avr-libc
                0x00001194      0x3a4 w:/7.0/toolchain/avr8/avr8-gnu-toolchain/bin/../lib/gcc/avr/5.4.0/../../../../avr/lib/avr5\libc.a(vfprintf_std.o)
                0x00001194                vfprintf
 .text.avr-libc
                0x00001538       0x16 w:/7.0/toolchain/avr8/avr8-gnu-toolchain/bin/../lib/gcc/avr/5.4.0/../../../../avr/lib/avr5\libc.a(strnlen_P.o)
                0x00001538                strnlen_P
 .text.avr-libc
                0x0000154e       0x16 w:/7.0/toolchain/avr8/avr8-gnu-toolchain/bin/../lib/gcc/avr/5.4.0/../../../../avr/lib/avr5\libc.a(strnlen.o)
                0x0000154e                strnlen
 .text.avr-libc
                0x00001564       0x78 w:/7.0/toolchain/avr8/avr8-gnu-toolchain/bin/../lib/gcc/avr/5.4.0/../../../../avr/lib/avr5\libc.a(fputc.o)
                0x00001564                fputc
 .text.avr-libc
                0x000015dc       0xbc w:/7.0/toolchain/avr8/avr8-gnu-toolchain/bin/../lib/gcc/avr/5.4.0/../../../../avr/lib/avr5\libc.a(ultoa_invert.o)
                0x000015dc                __ultoa_invert
 .text.libgcc.prologue
                0x00001698       0x38 w:/7.0/toolchain/avr8/avr8-gnu-toolchain/bin/../lib/gcc/avr/5.4.0/avr5\libgcc.a(_prologue.o)
                0x00001698                __prologue_saves__
 .text.libgcc.prologue
                0x000016d0       0x36 w:/7.0/toolchain/avr8/avr8-gnu-toolchain/bin/../lib/gcc/avr/5.4.0/avr5\libgcc.a(_epilogue.o)
                0x000016d0                __epilogue_restores__
                0x00001706                . = ALIGN (0x2)
 *(.fini9)
 .fini9         0x00001706        0x0 w:/7.0/toolchain/avr8/avr8-gnu-toolchain/bin/../lib/gcc/avr/5.4.0/avr5\libgcc.a(_exit.o)
                0x00001706                _exit
                0x00001706                exit
 *(.fini9)
 *(.fini8)
 *(.fini8)
 *(.fini7)
 *(.fini7)
 *(.fini6)
 *(.fini6)
 *(.fini5)
 *(.fini5)
 *(.fini4)
 *(.fini4)
 *(.fini3)
 *(.fini3)
 *(.fini2)
 *(.fini2)
 *(.fini1)
 *(.fini1)
 *(.fini0)
 .fini0         0x00001706        0x4 w:/7.0/toolchain/avr8/avr8-gnu-toolchain/bin/../lib/gcc/avr/5.4.0/avr5\libgcc.a(_exit.o)
 *(.fini0)
                0x0000170a                _etext = .

.data           0x00800060      0x19a load address 0x0000170a
                0x00800060                PROVIDE (__data_start, .)
 *(.data)
 *(.data*)
 .data.keypad   0x00800060        0xc src/keypad.o
                0x00800060                keypad
 .data.choice   0x0080006c        0x2 src/main.o
                0x0080006c                choice
 *(.rodata)
 *(.rodata*)
 .rodata.str1.1
                0x0080006e      0x18b src/main.o
                                0x197 (size before relaxing)
 *(.gnu.linkonce.d*)
                0x008001fa                . = ALIGN (0x2)
 *fill*         0x008001f9        0x1 
                0x008001fa                _edata = .
                0x008001fa                PROVIDE (__data_end, .)

.bss            0x008001fa      0x194
                0x008001fa                PROVIDE (__bss_start, .)
 *(.bss)
 *(.bss*)
 .bss.menuNumber
                0x008001fa        0x1 src/main.o
                0x008001fa                menuNumber
 .bss.currentState
                0x008001fb        0x1 src/main.o
                0x008001fb                currentState
 .bss.StudentCount
                0x008001fc        0x2 src/main.o
                0x008001fc                StudentCount
 *(COMMON)
 COMMON         0x008001fe      0x190 src/main.o
                0x008001fe                StudentCodes
                0x0080038e                PROVIDE (__bss_end, .)
                0x0000170a                __data_load_start = LOADADDR (.data)
                0x000018a4                __data_load_end = (__data_load_start + SIZEOF (.data))

.noinit         0x0080038e        0x0
                [!provide]                PROVIDE (__noinit_start, .)
 *(.noinit*)
                [!provide]                PROVIDE (__noinit_end, .)
                0x0080038e                _end = .
                [!provide]                PROVIDE (__heap_start, .)

.eeprom         0x00810000        0x0
 *(.eeprom*)
                0x00810000                __eeprom_end = .

.fuse
 *(.fuse)
 *(.lfuse)
 *(.hfuse)
 *(.efuse)

.lock
 *(.lock*)

.signature
 *(.signature*)

.user_signatures
 *(.user_signatures*)

.stab
 *(.stab)

.stabstr
 *(.stabstr)

.stab.excl
 *(.stab.excl)

.stab.exclstr
 *(.stab.exclstr)

.stab.index
 *(.stab.index)

.stab.indexstr
 *(.stab.indexstr)

.comment        0x00000000       0x5c
 *(.comment)
 .comment       0x00000000       0x30 src/buzzer.o
                                 0x31 (size before relaxing)
 .comment       0x00000030       0x31 src/eeprom.o
 .comment       0x00000030       0x31 src/keypad.o
 .comment       0x00000030       0x31 src/lcd.o
 .comment       0x00000030       0x31 src/sensors.o
 .comment       0x00000030       0x31 src/ultrasonic.o
 .comment       0x00000030       0x31 src/usart.o
 .comment       0x00000030       0x31 src/main.o
 .comment       0x00000030       0x31 w:/7.0/toolchain/avr8/avr8-gnu-toolchain/bin/../lib/gcc/avr/5.4.0/../../../../avr/lib/avr5\libc.a(sprintf.o)
 .comment       0x00000030       0x2c w:/7.0/toolchain/avr8/avr8-gnu-toolchain/bin/../lib/gcc/avr/5.4.0/../../../../avr/lib/avr5\libc.a(vfprintf_std.o)
                                 0x2d (size before relaxing)
 .comment       0x0000005c       0x31 w:/7.0/toolchain/avr8/avr8-gnu-toolchain/bin/../lib/gcc/avr/5.4.0/../../../../avr/lib/avr5\libc.a(fputc.o)

.note.gnu.avr.deviceinfo
                0x00000000       0x3c
 .note.gnu.avr.deviceinfo
                0x00000000       0x3c W:/7.0/Packs/atmel/ATmega_DFP/1.2.132/gcc/dev/atmega32/avr5/crtatmega32.o

.note.gnu.build-id
 *(.note.gnu.build-id)

.debug
 *(.debug)

.line
 *(.line)

.debug_srcinfo
 *(.debug_srcinfo)

.debug_sfnames
 *(.debug_sfnames)

.debug_aranges  0x00000000      0x258
 *(.debug_aranges)
 .debug_aranges
                0x00000000       0x48 src/buzzer.o
 .debug_aranges
                0x00000048       0x48 src/eeprom.o
 .debug_aranges
                0x00000090       0x30 src/keypad.o
 .debug_aranges
                0x000000c0       0x50 src/lcd.o
 .debug_aranges
                0x00000110       0x30 src/sensors.o
 .debug_aranges
                0x00000140       0x30 src/ultrasonic.o
 .debug_aranges
                0x00000170       0x40 src/usart.o
 .debug_aranges
                0x000001b0       0xa8 src/main.o

.debug_pubnames
 *(.debug_pubnames)

.debug_info     0x00000000     0x2c87
 *(.debug_info .gnu.linkonce.wi.*)
 .debug_info    0x00000000      0x4e6 W:/7.0/Packs/atmel/ATmega_DFP/1.2.132/gcc/dev/atmega32/avr5/crtatmega32.o
 .debug_info    0x000004e6      0x281 src/buzzer.o
 .debug_info    0x00000767      0x25b src/eeprom.o
 .debug_info    0x000009c2      0x256 src/keypad.o
 .debug_info    0x00000c18      0x4a0 src/lcd.o
 .debug_info    0x000010b8      0x187 src/sensors.o
 .debug_info    0x0000123f      0x190 src/ultrasonic.o
 .debug_info    0x000013cf      0x3b9 src/usart.o
 .debug_info    0x00001788     0x14ff src/main.o

.debug_abbrev   0x00000000     0x1054
 *(.debug_abbrev)
 .debug_abbrev  0x00000000      0x4a3 W:/7.0/Packs/atmel/ATmega_DFP/1.2.132/gcc/dev/atmega32/avr5/crtatmega32.o
 .debug_abbrev  0x000004a3      0x120 src/buzzer.o
 .debug_abbrev  0x000005c3      0x119 src/eeprom.o
 .debug_abbrev  0x000006dc      0x15a src/keypad.o
 .debug_abbrev  0x00000836      0x19d src/lcd.o
 .debug_abbrev  0x000009d3      0x10e src/sensors.o
 .debug_abbrev  0x00000ae1      0x128 src/ultrasonic.o
 .debug_abbrev  0x00000c09      0x199 src/usart.o
 .debug_abbrev  0x00000da2      0x2b2 src/main.o

.debug_line     0x00000000     0x2317
 *(.debug_line .debug_line.* .debug_line_end)
 .debug_line    0x00000000      0x115 W:/7.0/Packs/atmel/ATmega_DFP/1.2.132/gcc/dev/atmega32/avr5/crtatmega32.o
 .debug_line    0x00000115      0x2e0 src/buzzer.o
 .debug_line    0x000003f5      0x2d8 src/eeprom.o
 .debug_line    0x000006cd      0x41e src/keypad.o
 .debug_line    0x00000aeb      0x409 src/lcd.o
 .debug_line    0x00000ef4      0x286 src/sensors.o
 .debug_line    0x0000117a      0x2f2 src/ultrasonic.o
 .debug_line    0x0000146c      0x3ff src/usart.o
 .debug_line    0x0000186b      0xaac src/main.o

.debug_frame    0x00000000      0x61c
 *(.debug_frame)
 .debug_frame   0x00000000       0x74 src/buzzer.o
 .debug_frame   0x00000074       0xd4 src/eeprom.o
 .debug_frame   0x00000148       0x64 src/keypad.o
 .debug_frame   0x000001ac       0xac src/lcd.o
 .debug_frame   0x00000258       0x44 src/sensors.o
 .debug_frame   0x0000029c       0x44 src/ultrasonic.o
 .debug_frame   0x000002e0      0x108 src/usart.o
 .debug_frame   0x000003e8      0x234 src/main.o

.debug_str      0x00000000     0x79cc
 *(.debug_str)
 .debug_str     0x00000000      0x196 W:/7.0/Packs/atmel/ATmega_DFP/1.2.132/gcc/dev/atmega32/avr5/crtatmega32.o
 .debug_str     0x00000196     0x5f90 src/buzzer.o
                               0x602d (size before relaxing)
 .debug_str     0x00006126       0xb9 src/eeprom.o
                               0x5bff (size before relaxing)
 .debug_str     0x000061df     0x1022 src/keypad.o
                               0x70a9 (size before relaxing)
 .debug_str     0x00007201       0xe6 src/lcd.o
                               0x7142 (size before relaxing)
 .debug_str     0x000072e7       0x64 src/sensors.o
                               0x5fea (size before relaxing)
 .debug_str     0x0000734b      0x244 src/ultrasonic.o
                               0x640d (size before relaxing)
 .debug_str     0x0000758f       0x86 src/usart.o
                               0x6f9a (size before relaxing)
 .debug_str     0x00007615      0x3b7 src/main.o
                               0x7836 (size before relaxing)

.debug_loc      0x00000000     0x20df
 *(.debug_loc)
 .debug_loc     0x00000000      0x1b8 src/buzzer.o
 .debug_loc     0x000001b8      0x32a src/eeprom.o
 .debug_loc     0x000004e2      0x36c src/keypad.o
 .debug_loc     0x0000084e      0x3ae src/lcd.o
 .debug_loc     0x00000bfc       0xab src/sensors.o
 .debug_loc     0x00000ca7      0x104 src/ultrasonic.o
 .debug_loc     0x00000dab      0x566 src/usart.o
 .debug_loc     0x00001311      0xdce src/main.o

.debug_macinfo
 *(.debug_macinfo)

.debug_weaknames
 *(.debug_weaknames)

.debug_funcnames
 *(.debug_funcnames)

.debug_typenames
 *(.debug_typenames)

.debug_varnames
 *(.debug_varnames)

.debug_pubtypes
 *(.debug_pubtypes)

.debug_ranges   0x00000000      0x248
 *(.debug_ranges)
 .debug_ranges  0x00000000       0x58 src/buzzer.o
 .debug_ranges  0x00000058       0x50 src/eeprom.o
 .debug_ranges  0x000000a8       0x20 src/keypad.o
 .debug_ranges  0x000000c8       0x40 src/lcd.o
 .debug_ranges  0x00000108       0x20 src/sensors.o
 .debug_ranges  0x00000128       0x20 src/ultrasonic.o
 .debug_ranges  0x00000148       0x30 src/usart.o
 .debug_ranges  0x00000178       0xd0 src/main.o

.debug_macro    0x00000000     0x2cf8
 *(.debug_macro)
 .debug_macro   0x00000000       0xb2 src/buzzer.o
 .debug_macro   0x000000b2      0xa4e src/buzzer.o
 .debug_macro   0x00000b00       0x10 src/buzzer.o
 .debug_macro   0x00000b10      0x1c9 src/buzzer.o
 .debug_macro   0x00000cd9      0x2fc src/buzzer.o
 .debug_macro   0x00000fd5       0x9e src/buzzer.o
 .debug_macro   0x00001073      0xc24 src/buzzer.o
 .debug_macro   0x00001c97      0x170 src/buzzer.o
 .debug_macro   0x00001e07       0xbd src/buzzer.o
 .debug_macro   0x00001ec4       0x34 src/buzzer.o
 .debug_macro   0x00001ef8       0x18 src/buzzer.o
 .debug_macro   0x00001f10       0x6c src/buzzer.o
 .debug_macro   0x00001f7c       0x10 src/buzzer.o
 .debug_macro   0x00001f8c      0x166 src/buzzer.o
 .debug_macro   0x000020f2       0x22 src/buzzer.o
 .debug_macro   0x00002114       0x90 src/eeprom.o
 .debug_macro   0x000021a4       0x10 src/eeprom.o
 .debug_macro   0x000021b4      0x12b src/keypad.o
 .debug_macro   0x000022df       0x22 src/keypad.o
 .debug_macro   0x00002301       0x1c src/keypad.o
 .debug_macro   0x0000231d       0x69 src/keypad.o
 .debug_macro   0x00002386       0x16 src/keypad.o
 .debug_macro   0x0000239c       0x20 src/keypad.o
 .debug_macro   0x000023bc       0x10 src/keypad.o
 .debug_macro   0x000023cc       0xf6 src/keypad.o
 .debug_macro   0x000024c2       0x33 src/keypad.o
 .debug_macro   0x000024f5       0x34 src/keypad.o
 .debug_macro   0x00002529       0x16 src/keypad.o
 .debug_macro   0x0000253f      0x13a src/lcd.o
 .debug_macro   0x00002679       0x34 src/lcd.o
 .debug_macro   0x000026ad       0xb2 src/sensors.o
 .debug_macro   0x0000275f       0x10 src/sensors.o
 .debug_macro   0x0000276f       0xcf src/ultrasonic.o
 .debug_macro   0x0000283e       0x1c src/ultrasonic.o
 .debug_macro   0x0000285a      0x10e src/ultrasonic.o
 .debug_macro   0x00002968       0x60 src/ultrasonic.o
 .debug_macro   0x000029c8       0x2e src/ultrasonic.o
 .debug_macro   0x000029f6      0x123 src/usart.o
 .debug_macro   0x00002b19      0x185 src/main.o
 .debug_macro   0x00002c9e       0x5a src/main.o
OUTPUT(fw.elf elf32-avr)
LOAD linker stubs
